<?xml version="1.0" encoding="ISO-8859-1" ?>
<link_info>
   <banner>TI ARM Linker PC v20.2.7.LTS</banner>
   <copyright>Copyright (c) 1996-2018 Texas Instruments Incorporated</copyright>
   <link_time>0x66411ca6</link_time>
   <link_errors>0x0</link_errors>
   <output_file>freeRTOS.out</output_file>
   <entry_point>
      <name>_c_int00_noargs</name>
      <address>0x3445</address>
   </entry_point>
   <input_file_list>
      <input_file id="fl-2">
         <path>.\</path>
         <kind>object</kind>
         <file>ISR.obj</file>
         <name>ISR.obj</name>
      </input_file>
      <input_file id="fl-3">
         <path>.\</path>
         <kind>object</kind>
         <file>LED.obj</file>
         <name>LED.obj</name>
      </input_file>
      <input_file id="fl-4">
         <path>.\</path>
         <kind>object</kind>
         <file>Motor.obj</file>
         <name>Motor.obj</name>
      </input_file>
      <input_file id="fl-5">
         <path>.\</path>
         <kind>object</kind>
         <file>basic_io.obj</file>
         <name>basic_io.obj</name>
      </input_file>
      <input_file id="fl-6">
         <path>.\</path>
         <kind>object</kind>
         <file>croutine.obj</file>
         <name>croutine.obj</name>
      </input_file>
      <input_file id="fl-7">
         <path>.\</path>
         <kind>object</kind>
         <file>led_button_control.obj</file>
         <name>led_button_control.obj</name>
      </input_file>
      <input_file id="fl-8">
         <path>.\</path>
         <kind>object</kind>
         <file>led_toggle_example.obj</file>
         <name>led_toggle_example.obj</name>
      </input_file>
      <input_file id="fl-9">
         <path>.\</path>
         <kind>object</kind>
         <file>list.obj</file>
         <name>list.obj</name>
      </input_file>
      <input_file id="fl-a">
         <path>.\</path>
         <kind>object</kind>
         <file>main.obj</file>
         <name>main.obj</name>
      </input_file>
      <input_file id="fl-b">
         <path>.\</path>
         <kind>object</kind>
         <file>queue.obj</file>
         <name>queue.obj</name>
      </input_file>
      <input_file id="fl-c">
         <path>.\</path>
         <kind>object</kind>
         <file>tasks.obj</file>
         <name>tasks.obj</name>
      </input_file>
      <input_file id="fl-d">
         <path>.\</path>
         <kind>object</kind>
         <file>timers.obj</file>
         <name>timers.obj</name>
      </input_file>
      <input_file id="fl-e">
         <path>.\</path>
         <kind>object</kind>
         <file>tm4c123gh6pm_startup_ccs.obj</file>
         <name>tm4c123gh6pm_startup_ccs.obj</name>
      </input_file>
      <input_file id="fl-f">
         <path>.\</path>
         <kind>object</kind>
         <file>uart_stdio.obj</file>
         <name>uart_stdio.obj</name>
      </input_file>
      <input_file id="fl-10">
         <path>.\</path>
         <kind>object</kind>
         <file>vTask.obj</file>
         <name>vTask.obj</name>
      </input_file>
      <input_file id="fl-11">
         <path>.\</path>
         <kind>object</kind>
         <file>window.obj</file>
         <name>window.obj</name>
      </input_file>
      <input_file id="fl-12">
         <path>.\portable\CCS\ARM_CM4F\</path>
         <kind>object</kind>
         <file>port.obj</file>
         <name>port.obj</name>
      </input_file>
      <input_file id="fl-13">
         <path>.\portable\CCS\ARM_CM4F\</path>
         <kind>object</kind>
         <file>portasm.obj</file>
         <name>portasm.obj</name>
      </input_file>
      <input_file id="fl-14">
         <path>.\portable\MemMang\</path>
         <kind>object</kind>
         <file>heap_2.obj</file>
         <name>heap_2.obj</name>
      </input_file>
      <input_file id="fl-19">
         <kind>object</kind>
         <file>&lt;internal&gt;</file>
         <name>&lt;internal&gt;</name>
      </input_file>
      <input_file id="fl-1a">
         <path>C:\ti\TivaWare_C_Series-2.1.1.71\driverlib\ccs\Debug\</path>
         <kind>archive</kind>
         <file>driverlib.lib</file>
         <name>gpio.obj</name>
      </input_file>
      <input_file id="fl-1b">
         <path>C:\ti\TivaWare_C_Series-2.1.1.71\driverlib\ccs\Debug\</path>
         <kind>archive</kind>
         <file>driverlib.lib</file>
         <name>interrupt.obj</name>
      </input_file>
      <input_file id="fl-1c">
         <path>C:\ti\TivaWare_C_Series-2.1.1.71\driverlib\ccs\Debug\</path>
         <kind>archive</kind>
         <file>driverlib.lib</file>
         <name>sysctl.obj</name>
      </input_file>
      <input_file id="fl-1d">
         <path>C:\ti\TivaWare_C_Series-2.1.1.71\driverlib\ccs\Debug\</path>
         <kind>archive</kind>
         <file>driverlib.lib</file>
         <name>uart.obj</name>
      </input_file>
      <input_file id="fl-1e">
         <path>C:\ti\TivaWare_C_Series-2.1.1.71\driverlib\ccs\Debug\</path>
         <kind>archive</kind>
         <file>driverlib.lib</file>
         <name>cpu.obj</name>
      </input_file>
      <input_file id="fl-d4">
         <path>C:\ti\ccs1260\ccs\tools\compiler\ti-cgt-arm_20.2.7.LTS\lib\</path>
         <kind>archive</kind>
         <file>rtsv7M4_T_le_v4SPD16_eabi.lib</file>
         <name>sprintf.c.obj</name>
      </input_file>
      <input_file id="fl-d5">
         <path>C:\ti\ccs1260\ccs\tools\compiler\ti-cgt-arm_20.2.7.LTS\lib\</path>
         <kind>archive</kind>
         <file>rtsv7M4_T_le_v4SPD16_eabi.lib</file>
         <name>memcpy_t2.asm.obj</name>
      </input_file>
      <input_file id="fl-d6">
         <path>C:\ti\ccs1260\ccs\tools\compiler\ti-cgt-arm_20.2.7.LTS\lib\</path>
         <kind>archive</kind>
         <file>rtsv7M4_T_le_v4SPD16_eabi.lib</file>
         <name>memset_t2.asm.obj</name>
      </input_file>
      <input_file id="fl-d7">
         <path>C:\ti\ccs1260\ccs\tools\compiler\ti-cgt-arm_20.2.7.LTS\lib\</path>
         <kind>archive</kind>
         <file>rtsv7M4_T_le_v4SPD16_eabi.lib</file>
         <name>u_divt2.asm.obj</name>
      </input_file>
      <input_file id="fl-d8">
         <path>C:\ti\ccs1260\ccs\tools\compiler\ti-cgt-arm_20.2.7.LTS\lib\</path>
         <kind>archive</kind>
         <file>rtsv7M4_T_le_v4SPD16_eabi.lib</file>
         <name>copy_zero_init.c.obj</name>
      </input_file>
      <input_file id="fl-d9">
         <path>C:\ti\ccs1260\ccs\tools\compiler\ti-cgt-arm_20.2.7.LTS\lib\</path>
         <kind>archive</kind>
         <file>rtsv7M4_T_le_v4SPD16_eabi.lib</file>
         <name>copy_decompress_none.c.obj</name>
      </input_file>
      <input_file id="fl-da">
         <path>C:\ti\ccs1260\ccs\tools\compiler\ti-cgt-arm_20.2.7.LTS\lib\</path>
         <kind>archive</kind>
         <file>rtsv7M4_T_le_v4SPD16_eabi.lib</file>
         <name>copy_decompress_lzss.c.obj</name>
      </input_file>
      <input_file id="fl-db">
         <path>C:\ti\ccs1260\ccs\tools\compiler\ti-cgt-arm_20.2.7.LTS\lib\</path>
         <kind>archive</kind>
         <file>rtsv7M4_T_le_v4SPD16_eabi.lib</file>
         <name>boot_cortex_m.c.obj</name>
      </input_file>
      <input_file id="fl-dc">
         <path>C:\ti\ccs1260\ccs\tools\compiler\ti-cgt-arm_20.2.7.LTS\lib\</path>
         <kind>archive</kind>
         <file>rtsv7M4_T_le_v4SPD16_eabi.lib</file>
         <name>_printfi.c.obj</name>
      </input_file>
      <input_file id="fl-dd">
         <path>C:\ti\ccs1260\ccs\tools\compiler\ti-cgt-arm_20.2.7.LTS\lib\</path>
         <kind>archive</kind>
         <file>rtsv7M4_T_le_v4SPD16_eabi.lib</file>
         <name>div0.asm.obj</name>
      </input_file>
      <input_file id="fl-de">
         <path>C:\ti\ccs1260\ccs\tools\compiler\ti-cgt-arm_20.2.7.LTS\lib\</path>
         <kind>archive</kind>
         <file>rtsv7M4_T_le_v4SPD16_eabi.lib</file>
         <name>fd_add_t2.asm.obj</name>
      </input_file>
      <input_file id="fl-df">
         <path>C:\ti\ccs1260\ccs\tools\compiler\ti-cgt-arm_20.2.7.LTS\lib\</path>
         <kind>archive</kind>
         <file>rtsv7M4_T_le_v4SPD16_eabi.lib</file>
         <name>fd_cmp_t2.asm.obj</name>
      </input_file>
      <input_file id="fl-e0">
         <path>C:\ti\ccs1260\ccs\tools\compiler\ti-cgt-arm_20.2.7.LTS\lib\</path>
         <kind>archive</kind>
         <file>rtsv7M4_T_le_v4SPD16_eabi.lib</file>
         <name>fd_div_t2.asm.obj</name>
      </input_file>
      <input_file id="fl-e1">
         <path>C:\ti\ccs1260\ccs\tools\compiler\ti-cgt-arm_20.2.7.LTS\lib\</path>
         <kind>archive</kind>
         <file>rtsv7M4_T_le_v4SPD16_eabi.lib</file>
         <name>fd_mul_t2.asm.obj</name>
      </input_file>
      <input_file id="fl-e2">
         <path>C:\ti\ccs1260\ccs\tools\compiler\ti-cgt-arm_20.2.7.LTS\lib\</path>
         <kind>archive</kind>
         <file>rtsv7M4_T_le_v4SPD16_eabi.lib</file>
         <name>fd_toi_t2.asm.obj</name>
      </input_file>
      <input_file id="fl-e3">
         <path>C:\ti\ccs1260\ccs\tools\compiler\ti-cgt-arm_20.2.7.LTS\lib\</path>
         <kind>archive</kind>
         <file>rtsv7M4_T_le_v4SPD16_eabi.lib</file>
         <name>i_tofd_t2.asm.obj</name>
      </input_file>
      <input_file id="fl-e4">
         <path>C:\ti\ccs1260\ccs\tools\compiler\ti-cgt-arm_20.2.7.LTS\lib\</path>
         <kind>archive</kind>
         <file>rtsv7M4_T_le_v4SPD16_eabi.lib</file>
         <name>ull_div_t2.asm.obj</name>
      </input_file>
      <input_file id="fl-e5">
         <path>C:\ti\ccs1260\ccs\tools\compiler\ti-cgt-arm_20.2.7.LTS\lib\</path>
         <kind>archive</kind>
         <file>rtsv7M4_T_le_v4SPD16_eabi.lib</file>
         <name>autoinit.c.obj</name>
      </input_file>
      <input_file id="fl-e6">
         <path>C:\ti\ccs1260\ccs\tools\compiler\ti-cgt-arm_20.2.7.LTS\lib\</path>
         <kind>archive</kind>
         <file>rtsv7M4_T_le_v4SPD16_eabi.lib</file>
         <name>pre_init.c.obj</name>
      </input_file>
      <input_file id="fl-e7">
         <path>C:\ti\ccs1260\ccs\tools\compiler\ti-cgt-arm_20.2.7.LTS\lib\</path>
         <kind>archive</kind>
         <file>rtsv7M4_T_le_v4SPD16_eabi.lib</file>
         <name>cpy_tbl.c.obj</name>
      </input_file>
      <input_file id="fl-e8">
         <path>C:\ti\ccs1260\ccs\tools\compiler\ti-cgt-arm_20.2.7.LTS\lib\</path>
         <kind>archive</kind>
         <file>rtsv7M4_T_le_v4SPD16_eabi.lib</file>
         <name>exit.c.obj</name>
      </input_file>
      <input_file id="fl-e9">
         <path>C:\ti\ccs1260\ccs\tools\compiler\ti-cgt-arm_20.2.7.LTS\lib\</path>
         <kind>archive</kind>
         <file>rtsv7M4_T_le_v4SPD16_eabi.lib</file>
         <name>_lock.c.obj</name>
      </input_file>
      <input_file id="fl-ea">
         <path>C:\ti\ccs1260\ccs\tools\compiler\ti-cgt-arm_20.2.7.LTS\lib\</path>
         <kind>archive</kind>
         <file>rtsv7M4_T_le_v4SPD16_eabi.lib</file>
         <name>_ltoa.c.obj</name>
      </input_file>
      <input_file id="fl-eb">
         <path>C:\ti\ccs1260\ccs\tools\compiler\ti-cgt-arm_20.2.7.LTS\lib\</path>
         <kind>archive</kind>
         <file>rtsv7M4_T_le_v4SPD16_eabi.lib</file>
         <name>args_main.c.obj</name>
      </input_file>
      <input_file id="fl-ec">
         <path>C:\ti\ccs1260\ccs\tools\compiler\ti-cgt-arm_20.2.7.LTS\lib\</path>
         <kind>archive</kind>
         <file>rtsv7M4_T_le_v4SPD16_eabi.lib</file>
         <name>atoi.c.obj</name>
      </input_file>
      <input_file id="fl-ed">
         <path>C:\ti\ccs1260\ccs\tools\compiler\ti-cgt-arm_20.2.7.LTS\lib\</path>
         <kind>archive</kind>
         <file>rtsv7M4_T_le_v4SPD16_eabi.lib</file>
         <name>ctype.c.obj</name>
      </input_file>
      <input_file id="fl-ee">
         <path>C:\ti\ccs1260\ccs\tools\compiler\ti-cgt-arm_20.2.7.LTS\lib\</path>
         <kind>archive</kind>
         <file>rtsv7M4_T_le_v4SPD16_eabi.lib</file>
         <name>memccpy.c.obj</name>
      </input_file>
      <input_file id="fl-ef">
         <path>C:\ti\ccs1260\ccs\tools\compiler\ti-cgt-arm_20.2.7.LTS\lib\</path>
         <kind>archive</kind>
         <file>rtsv7M4_T_le_v4SPD16_eabi.lib</file>
         <name>strchr.c.obj</name>
      </input_file>
      <input_file id="fl-f0">
         <path>C:\ti\ccs1260\ccs\tools\compiler\ti-cgt-arm_20.2.7.LTS\lib\</path>
         <kind>archive</kind>
         <file>rtsv7M4_T_le_v4SPD16_eabi.lib</file>
         <name>strlen.c.obj</name>
      </input_file>
      <input_file id="fl-f1">
         <path>C:\ti\ccs1260\ccs\tools\compiler\ti-cgt-arm_20.2.7.LTS\lib\</path>
         <kind>archive</kind>
         <file>rtsv7M4_T_le_v4SPD16_eabi.lib</file>
         <name>errno.c.obj</name>
      </input_file>
      <input_file id="fl-f2">
         <path>C:\ti\ccs1260\ccs\tools\compiler\ti-cgt-arm_20.2.7.LTS\lib\</path>
         <kind>archive</kind>
         <file>rtsv7M4_T_le_v4SPD16_eabi.lib</file>
         <name>wcslen.c.obj</name>
      </input_file>
      <input_file id="fl-f3">
         <path>C:\ti\ccs1260\ccs\tools\compiler\ti-cgt-arm_20.2.7.LTS\lib\</path>
         <kind>archive</kind>
         <file>rtsv7M4_T_le_v4SPD16_eabi.lib</file>
         <name>s_frexp.c.obj</name>
      </input_file>
      <input_file id="fl-f4">
         <path>C:\ti\ccs1260\ccs\tools\compiler\ti-cgt-arm_20.2.7.LTS\lib\</path>
         <kind>archive</kind>
         <file>rtsv7M4_T_le_v4SPD16_eabi.lib</file>
         <name>s_scalbn.c.obj</name>
      </input_file>
      <input_file id="fl-f5">
         <path>C:\ti\ccs1260\ccs\tools\compiler\ti-cgt-arm_20.2.7.LTS\lib\</path>
         <kind>archive</kind>
         <file>rtsv7M4_T_le_v4SPD16_eabi.lib</file>
         <name>s_copysign.c.obj</name>
      </input_file>
   </input_file_list>
   <object_component_list>
      <object_component id="oc-12">
         <name>.intvecs</name>
         <load_address>0x0</load_address>
         <run_address>0x0</run_address>
         <size>0x26c</size>
         <input_file_ref idref="fl-e"/>
      </object_component>
      <object_component id="oc-82">
         <name>.text</name>
         <load_address>0x26c</load_address>
         <run_address>0x26c</run_address>
         <size>0xef4</size>
         <input_file_ref idref="fl-c"/>
      </object_component>
      <object_component id="oc-99">
         <name>.text</name>
         <load_address>0x1160</load_address>
         <run_address>0x1160</run_address>
         <size>0xb18</size>
         <input_file_ref idref="fl-b"/>
      </object_component>
      <object_component id="oc-114">
         <name>.text</name>
         <load_address>0x1c78</load_address>
         <run_address>0x1c78</run_address>
         <size>0x4dc</size>
         <input_file_ref idref="fl-d"/>
      </object_component>
      <object_component id="oc-178">
         <name>.text</name>
         <load_address>0x2154</load_address>
         <run_address>0x2154</run_address>
         <size>0x470</size>
         <input_file_ref idref="fl-10"/>
      </object_component>
      <object_component id="oc-ed">
         <name>.text</name>
         <load_address>0x25c4</load_address>
         <run_address>0x25c4</run_address>
         <size>0x208</size>
         <input_file_ref idref="fl-a"/>
      </object_component>
      <object_component id="oc-11d">
         <name>.text</name>
         <load_address>0x27cc</load_address>
         <run_address>0x27cc</run_address>
         <size>0x1b8</size>
         <input_file_ref idref="fl-14"/>
      </object_component>
      <object_component id="oc-22a">
         <name>.text:GPIOPadConfigSet</name>
         <load_address>0x2984</load_address>
         <run_address>0x2984</run_address>
         <size>0x16c</size>
         <input_file_ref idref="fl-1a"/>
      </object_component>
      <object_component id="oc-102">
         <name>.text</name>
         <load_address>0x2af0</load_address>
         <run_address>0x2af0</run_address>
         <size>0x12a</size>
         <input_file_ref idref="fl-9"/>
      </object_component>
      <object_component id="oc-38">
         <name>.text</name>
         <load_address>0x2c1c</load_address>
         <run_address>0x2c1c</run_address>
         <size>0x120</size>
         <input_file_ref idref="fl-2"/>
      </object_component>
      <object_component id="oc-32">
         <name>.text</name>
         <load_address>0x2d3c</load_address>
         <run_address>0x2d3c</run_address>
         <size>0x10c</size>
         <input_file_ref idref="fl-12"/>
      </object_component>
      <object_component id="oc-218">
         <name>.text:SysCtlClockSet</name>
         <load_address>0x2e48</load_address>
         <run_address>0x2e48</run_address>
         <size>0xf4</size>
         <input_file_ref idref="fl-1c"/>
      </object_component>
      <object_component id="oc-171">
         <name>.text</name>
         <load_address>0x2f3c</load_address>
         <run_address>0x2f3c</run_address>
         <size>0xdc</size>
         <input_file_ref idref="fl-11"/>
      </object_component>
      <object_component id="oc-2d">
         <name>.text</name>
         <load_address>0x3018</load_address>
         <run_address>0x3018</run_address>
         <size>0xa6</size>
         <input_file_ref idref="fl-13"/>
      </object_component>
      <object_component id="oc-4c">
         <name>.text</name>
         <load_address>0x30be</load_address>
         <run_address>0x30be</run_address>
         <size>0x9c</size>
         <input_file_ref idref="fl-d5"/>
      </object_component>
      <object_component id="oc-e1">
         <name>.text</name>
         <load_address>0x315a</load_address>
         <run_address>0x315a</run_address>
         <size>0x7a</size>
         <input_file_ref idref="fl-d6"/>
      </object_component>
      <object_component id="oc-2b4">
         <name>.text:IntEnable</name>
         <load_address>0x31d4</load_address>
         <run_address>0x31d4</run_address>
         <size>0x68</size>
         <input_file_ref idref="fl-1b"/>
      </object_component>
      <object_component id="oc-15">
         <name>.text:decompress:lzss:__TI_decompress_lzss</name>
         <load_address>0x323c</load_address>
         <run_address>0x323c</run_address>
         <size>0x68</size>
         <input_file_ref idref="fl-da"/>
      </object_component>
      <object_component id="oc-242">
         <name>.text:GPIOIntTypeSet</name>
         <load_address>0x32a4</load_address>
         <run_address>0x32a4</run_address>
         <size>0x58</size>
         <input_file_ref idref="fl-1a"/>
      </object_component>
      <object_component id="oc-255">
         <name>.text</name>
         <load_address>0x32fc</load_address>
         <run_address>0x32fc</run_address>
         <size>0x58</size>
         <input_file_ref idref="fl-4"/>
      </object_component>
      <object_component id="oc-2a8">
         <name>.text:_GPIOIntNumberGet</name>
         <load_address>0x3354</load_address>
         <run_address>0x3354</run_address>
         <size>0x44</size>
         <input_file_ref idref="fl-1a"/>
      </object_component>
      <object_component id="oc-18e">
         <name>.text:__TI_auto_init_nobinit_nopinit:__TI_auto_init_nobinit_nopinit</name>
         <load_address>0x3398</load_address>
         <run_address>0x3398</run_address>
         <size>0x44</size>
         <input_file_ref idref="fl-e5"/>
      </object_component>
      <object_component id="oc-2ae">
         <name>.text:IntRegister</name>
         <load_address>0x33dc</load_address>
         <run_address>0x33dc</run_address>
         <size>0x34</size>
         <input_file_ref idref="fl-1b"/>
      </object_component>
      <object_component id="oc-21e">
         <name>.text:SysCtlPeripheralEnable</name>
         <load_address>0x3410</load_address>
         <run_address>0x3410</run_address>
         <size>0x34</size>
         <input_file_ref idref="fl-1c"/>
      </object_component>
      <object_component id="oc-6a">
         <name>.text:_c_int00_noargs:_c_int00_noargs</name>
         <load_address>0x3444</load_address>
         <run_address>0x3444</run_address>
         <size>0x34</size>
         <input_file_ref idref="fl-db"/>
      </object_component>
      <object_component id="oc-29e">
         <name>.text:GPIODirModeSet</name>
         <load_address>0x3478</load_address>
         <run_address>0x3478</run_address>
         <size>0x2c</size>
         <input_file_ref idref="fl-1a"/>
      </object_component>
      <object_component id="oc-230">
         <name>.text:GPIOPinTypeGPIOOutput</name>
         <load_address>0x34a4</load_address>
         <run_address>0x34a4</run_address>
         <size>0x1a</size>
         <input_file_ref idref="fl-1a"/>
      </object_component>
      <object_component id="oc-23c">
         <name>.text:GPIOIntRegister</name>
         <load_address>0x34be</load_address>
         <run_address>0x34be</run_address>
         <size>0x18</size>
         <input_file_ref idref="fl-1a"/>
      </object_component>
      <object_component id="oc-224">
         <name>.text:GPIOPinTypeGPIOInput</name>
         <load_address>0x34d6</load_address>
         <run_address>0x34d6</run_address>
         <size>0x16</size>
         <input_file_ref idref="fl-1a"/>
      </object_component>
      <object_component id="oc-24e">
         <name>.text:IntMasterEnable</name>
         <load_address>0x34ec</load_address>
         <run_address>0x34ec</run_address>
         <size>0x10</size>
         <input_file_ref idref="fl-1b"/>
      </object_component>
      <object_component id="oc-93">
         <name>.text:GPIOIntStatus</name>
         <load_address>0x34fc</load_address>
         <run_address>0x34fc</run_address>
         <size>0xe</size>
         <input_file_ref idref="fl-1a"/>
      </object_component>
      <object_component id="oc-1b">
         <name>.text:decompress:none:__TI_decompress_none</name>
         <load_address>0x350a</load_address>
         <run_address>0x350a</run_address>
         <size>0xe</size>
         <input_file_ref idref="fl-d9"/>
      </object_component>
      <object_component id="oc-2bd">
         <name>.text:CPUcpsie</name>
         <load_address>0x3518</load_address>
         <run_address>0x3518</run_address>
         <size>0xc</size>
         <input_file_ref idref="fl-1e"/>
      </object_component>
      <object_component id="oc-248">
         <name>.text:GPIOIntEnable</name>
         <load_address>0x3524</load_address>
         <run_address>0x3524</run_address>
         <size>0xc</size>
         <input_file_ref idref="fl-1a"/>
      </object_component>
      <object_component id="oc-5e">
         <name>.text:decompress:ZI:__TI_zero_init</name>
         <load_address>0x3530</load_address>
         <run_address>0x3530</run_address>
         <size>0xc</size>
         <input_file_ref idref="fl-d8"/>
      </object_component>
      <object_component id="oc-27">
         <name>.text</name>
         <load_address>0x353c</load_address>
         <run_address>0x353c</run_address>
         <size>0xc</size>
         <input_file_ref idref="fl-e"/>
      </object_component>
      <object_component id="oc-9f">
         <name>.text:GPIOIntClear</name>
         <load_address>0x3548</load_address>
         <run_address>0x3548</run_address>
         <size>0x6</size>
         <input_file_ref idref="fl-1a"/>
      </object_component>
      <object_component id="oc-a5">
         <name>.text:GPIOPinRead</name>
         <load_address>0x354e</load_address>
         <run_address>0x354e</run_address>
         <size>0x6</size>
         <input_file_ref idref="fl-1a"/>
      </object_component>
      <object_component id="oc-236">
         <name>.text:GPIOPinWrite</name>
         <load_address>0x3554</load_address>
         <run_address>0x3554</run_address>
         <size>0x6</size>
         <input_file_ref idref="fl-1a"/>
      </object_component>
      <object_component id="oc-29a">
         <name>.text:SysCtlDelay</name>
         <load_address>0x355a</load_address>
         <run_address>0x355a</run_address>
         <size>0x6</size>
         <input_file_ref idref="fl-1c"/>
      </object_component>
      <object_component id="oc-e7">
         <name>.text:_system_pre_init</name>
         <load_address>0x3560</load_address>
         <run_address>0x3560</run_address>
         <size>0x4</size>
         <input_file_ref idref="fl-e6"/>
      </object_component>
      <object_component id="oc-182">
         <name>.text:abort:abort</name>
         <load_address>0x3564</load_address>
         <run_address>0x3564</run_address>
         <size>0x4</size>
         <input_file_ref idref="fl-e8"/>
      </object_component>
      <object_component id="oc-2f7">
         <name>.const:g_ppui32GPIOIntMapSnowflake</name>
         <load_address>0x3568</load_address>
         <run_address>0x3568</run_address>
         <size>0xd8</size>
         <input_file_ref idref="fl-1a"/>
      </object_component>
      <object_component id="oc-2f4">
         <name>.const:g_ppui32GPIOIntMapBlizzard</name>
         <load_address>0x3640</load_address>
         <run_address>0x3640</run_address>
         <size>0xc0</size>
         <input_file_ref idref="fl-1a"/>
      </object_component>
      <object_component id="oc-300">
         <name>.const:g_pui32EnRegs</name>
         <load_address>0x3700</load_address>
         <run_address>0x3700</run_address>
         <size>0x14</size>
         <input_file_ref idref="fl-1b"/>
      </object_component>
      <object_component id="oc-34a">
         <name>.cinit..data.load</name>
         <load_address>0x3718</load_address>
         <run_address>0x3718</run_address>
         <size>0x15</size>
      </object_component>
      <object_component id="oc-347">
         <name>__TI_handler_table</name>
         <load_address>0x3730</load_address>
         <run_address>0x3730</run_address>
         <size>0xc</size>
      </object_component>
      <object_component id="oc-34b">
         <name>.cinit..bss.load</name>
         <load_address>0x3740</load_address>
         <run_address>0x3740</run_address>
         <size>0x8</size>
      </object_component>
      <object_component id="oc-349">
         <name>.cinit..vtable.load</name>
         <load_address>0x3748</load_address>
         <run_address>0x3748</run_address>
         <size>0x8</size>
      </object_component>
      <object_component id="oc-348">
         <name>__TI_cinit_table</name>
         <load_address>0x3750</load_address>
         <run_address>0x3750</run_address>
         <size>0x18</size>
      </object_component>
      <object_component id="oc-2fb">
         <name>.vtable</name>
         <uninitialized>true</uninitialized>
         <run_address>0x20000000</run_address>
         <size>0x26c</size>
         <input_file_ref idref="fl-1b"/>
      </object_component>
      <object_component id="oc-ae">
         <name>.data</name>
         <load_address>0x200066ac</load_address>
         <run_address>0x200066ac</run_address>
         <size>0x3</size>
         <input_file_ref idref="fl-a"/>
      </object_component>
      <object_component id="oc-7f">
         <name>.data</name>
         <load_address>0x20006668</load_address>
         <run_address>0x20006668</run_address>
         <size>0x30</size>
         <input_file_ref idref="fl-c"/>
      </object_component>
      <object_component id="oc-1db">
         <name>.data</name>
         <load_address>0x200066a0</load_address>
         <run_address>0x200066a0</run_address>
         <size>0x8</size>
         <input_file_ref idref="fl-d"/>
      </object_component>
      <object_component id="oc-89">
         <name>.data</name>
         <load_address>0x200066a8</load_address>
         <run_address>0x200066a8</run_address>
         <size>0x4</size>
         <input_file_ref idref="fl-12"/>
      </object_component>
      <object_component id="oc-1f0">
         <name>.data</name>
         <load_address>0x20006698</load_address>
         <run_address>0x20006698</run_address>
         <size>0x8</size>
         <input_file_ref idref="fl-14"/>
      </object_component>
      <object_component id="oc-108">
         <name>.bss:pxReadyTasksLists</name>
         <uninitialized>true</uninitialized>
         <run_address>0x2000626c</run_address>
         <size>0x12c</size>
         <input_file_ref idref="fl-c"/>
      </object_component>
      <object_component id="oc-123">
         <name>.bss:xDelayedTaskList1</name>
         <uninitialized>true</uninitialized>
         <run_address>0x200063c0</run_address>
         <size>0x14</size>
         <input_file_ref idref="fl-c"/>
      </object_component>
      <object_component id="oc-126">
         <name>.bss:xDelayedTaskList2</name>
         <uninitialized>true</uninitialized>
         <run_address>0x200063d4</run_address>
         <size>0x14</size>
         <input_file_ref idref="fl-c"/>
      </object_component>
      <object_component id="oc-10e">
         <name>.bss</name>
         <uninitialized>true</uninitialized>
         <run_address>0x20006424</run_address>
         <size>0x8</size>
         <input_file_ref idref="fl-c"/>
      </object_component>
      <object_component id="oc-11a">
         <name>.bss:xPendingReadyList</name>
         <uninitialized>true</uninitialized>
         <run_address>0x200063e8</run_address>
         <size>0x14</size>
         <input_file_ref idref="fl-c"/>
      </object_component>
      <object_component id="oc-10b">
         <name>.bss:xTasksWaitingTermination</name>
         <uninitialized>true</uninitialized>
         <run_address>0x20006410</run_address>
         <size>0x14</size>
         <input_file_ref idref="fl-c"/>
      </object_component>
      <object_component id="oc-111">
         <name>.bss:xSuspendedTaskList</name>
         <uninitialized>true</uninitialized>
         <run_address>0x200063fc</run_address>
         <size>0x14</size>
         <input_file_ref idref="fl-c"/>
      </object_component>
      <object_component id="oc-1e1">
         <name>.bss:xActiveTimerList1</name>
         <uninitialized>true</uninitialized>
         <run_address>0x20006398</run_address>
         <size>0x14</size>
         <input_file_ref idref="fl-d"/>
      </object_component>
      <object_component id="oc-1e4">
         <name>.bss:xActiveTimerList2</name>
         <uninitialized>true</uninitialized>
         <run_address>0x200063ac</run_address>
         <size>0x14</size>
         <input_file_ref idref="fl-d"/>
      </object_component>
      <object_component id="oc-1de">
         <name>.bss</name>
         <uninitialized>true</uninitialized>
         <run_address>0x2000642c</run_address>
         <size>0x8</size>
         <input_file_ref idref="fl-d"/>
      </object_component>
      <object_component id="oc-1f9">
         <name>.bss:ucHeap</name>
         <uninitialized>true</uninitialized>
         <run_address>0x2000026c</run_address>
         <size>0x6000</size>
         <input_file_ref idref="fl-14"/>
      </object_component>
      <object_component id="oc-1f3">
         <name>.bss:xStart</name>
         <uninitialized>true</uninitialized>
         <run_address>0x2000643c</run_address>
         <size>0x8</size>
         <input_file_ref idref="fl-14"/>
      </object_component>
      <object_component id="oc-1f6">
         <name>.bss:xEnd</name>
         <uninitialized>true</uninitialized>
         <run_address>0x20006434</run_address>
         <size>0x8</size>
         <input_file_ref idref="fl-14"/>
      </object_component>
      <object_component id="oc-b1">
         <name>.common:x_Driver_UP_Semaphore</name>
         <uninitialized>true</uninitialized>
         <run_address>0x20006458</run_address>
         <size>0x4</size>
      </object_component>
      <object_component id="oc-b2">
         <name>.common:x_Driver_DOWN_Semaphore</name>
         <uninitialized>true</uninitialized>
         <run_address>0x20006454</run_address>
         <size>0x4</size>
      </object_component>
      <object_component id="oc-b3">
         <name>.common:x_Passenger_UP_Semaphore</name>
         <uninitialized>true</uninitialized>
         <run_address>0x20006464</run_address>
         <size>0x4</size>
      </object_component>
      <object_component id="oc-b4">
         <name>.common:x_Passenger_DOWN_Semaphore</name>
         <uninitialized>true</uninitialized>
         <run_address>0x20006460</run_address>
         <size>0x4</size>
      </object_component>
      <object_component id="oc-ab">
         <name>.common:x_Jam_Semaphore</name>
         <uninitialized>true</uninitialized>
         <run_address>0x2000645c</run_address>
         <size>0x4</size>
      </object_component>
      <object_component id="oc-17e">
         <name>.common:Driver_up_Handle</name>
         <uninitialized>true</uninitialized>
         <run_address>0x20006444</run_address>
         <size>0x4</size>
      </object_component>
      <object_component id="oc-17f">
         <name>.common:Passenger_up_Handle</name>
         <uninitialized>true</uninitialized>
         <run_address>0x20006450</run_address>
         <size>0x4</size>
      </object_component>
      <object_component id="oc-180">
         <name>.common:Passenger_down_Handle</name>
         <uninitialized>true</uninitialized>
         <run_address>0x2000644c</run_address>
         <size>0x4</size>
      </object_component>
      <object_component id="oc-177">
         <name>.common:Jam_Handle</name>
         <uninitialized>true</uninitialized>
         <run_address>0x20006448</run_address>
         <size>0x4</size>
      </object_component>
      <object_component id="oc-24">
         <name>.stack</name>
         <uninitialized>true</uninitialized>
         <run_address>0x20006468</run_address>
         <size>0x4</size>
         <input_file_ref idref="fl-db"/>
      </object_component>
      <object_component id="oc-34d">
         <name>.stack</name>
         <uninitialized>true</uninitialized>
         <run_address>0x20006468</run_address>
         <size>0x0</size>
      </object_component>
      <object_component id="oc-13d">
         <name>.debug_info</name>
         <load_address>0x0</load_address>
         <run_address>0x0</run_address>
         <size>0x516</size>
         <input_file_ref idref="fl-2"/>
      </object_component>
      <object_component id="oc-39">
         <name>.debug_info</name>
         <load_address>0x516</load_address>
         <run_address>0x516</run_address>
         <size>0x326</size>
         <input_file_ref idref="fl-2"/>
      </object_component>
      <object_component id="oc-bb">
         <name>.debug_info</name>
         <load_address>0x83c</load_address>
         <run_address>0x83c</run_address>
         <size>0xe5</size>
         <input_file_ref idref="fl-2"/>
      </object_component>
      <object_component id="oc-c2">
         <name>.debug_info</name>
         <load_address>0x921</load_address>
         <run_address>0x921</run_address>
         <size>0x26b</size>
         <input_file_ref idref="fl-2"/>
      </object_component>
      <object_component id="oc-b6">
         <name>.debug_info</name>
         <load_address>0xb8c</load_address>
         <run_address>0xb8c</run_address>
         <size>0x8b</size>
         <input_file_ref idref="fl-2"/>
      </object_component>
      <object_component id="oc-146">
         <name>.debug_info</name>
         <load_address>0xc17</load_address>
         <run_address>0xc17</run_address>
         <size>0x46</size>
         <input_file_ref idref="fl-2"/>
      </object_component>
      <object_component id="oc-155">
         <name>.debug_info</name>
         <load_address>0xc5d</load_address>
         <run_address>0xc5d</run_address>
         <size>0x2c</size>
         <input_file_ref idref="fl-2"/>
      </object_component>
      <object_component id="oc-8e">
         <name>.debug_info</name>
         <load_address>0xc89</load_address>
         <run_address>0xc89</run_address>
         <size>0x2c</size>
         <input_file_ref idref="fl-2"/>
      </object_component>
      <object_component id="oc-15c">
         <name>.debug_info</name>
         <load_address>0xcb5</load_address>
         <run_address>0xcb5</run_address>
         <size>0x2a4</size>
         <input_file_ref idref="fl-2"/>
      </object_component>
      <object_component id="oc-c7">
         <name>.debug_info</name>
         <load_address>0xf59</load_address>
         <run_address>0xf59</run_address>
         <size>0xbb</size>
         <input_file_ref idref="fl-2"/>
      </object_component>
      <object_component id="oc-12f">
         <name>.debug_info</name>
         <load_address>0x1014</load_address>
         <run_address>0x1014</run_address>
         <size>0x39</size>
         <input_file_ref idref="fl-2"/>
      </object_component>
      <object_component id="oc-256">
         <name>.debug_info</name>
         <load_address>0x104d</load_address>
         <run_address>0x104d</run_address>
         <size>0x24f</size>
         <input_file_ref idref="fl-4"/>
      </object_component>
      <object_component id="oc-47">
         <name>.debug_info</name>
         <load_address>0x129c</load_address>
         <run_address>0x129c</run_address>
         <size>0x84</size>
         <input_file_ref idref="fl-4"/>
      </object_component>
      <object_component id="oc-202">
         <name>.debug_info</name>
         <load_address>0x1320</load_address>
         <run_address>0x1320</run_address>
         <size>0x385</size>
         <input_file_ref idref="fl-5"/>
      </object_component>
      <object_component id="oc-12a">
         <name>.debug_info</name>
         <load_address>0x16a5</load_address>
         <run_address>0x16a5</run_address>
         <size>0x29e</size>
         <input_file_ref idref="fl-5"/>
      </object_component>
      <object_component id="oc-138">
         <name>.debug_info</name>
         <load_address>0x1943</load_address>
         <run_address>0x1943</run_address>
         <size>0x14c</size>
         <input_file_ref idref="fl-5"/>
      </object_component>
      <object_component id="oc-1d2">
         <name>.debug_info</name>
         <load_address>0x1a8f</load_address>
         <run_address>0x1a8f</run_address>
         <size>0x2ce</size>
         <input_file_ref idref="fl-9"/>
      </object_component>
      <object_component id="oc-103">
         <name>.debug_info</name>
         <load_address>0x1d5d</load_address>
         <run_address>0x1d5d</run_address>
         <size>0x446</size>
         <input_file_ref idref="fl-9"/>
      </object_component>
      <object_component id="oc-14c">
         <name>.debug_info</name>
         <load_address>0x21a3</load_address>
         <run_address>0x21a3</run_address>
         <size>0x110</size>
         <input_file_ref idref="fl-9"/>
      </object_component>
      <object_component id="oc-ac">
         <name>.debug_info</name>
         <load_address>0x22b3</load_address>
         <run_address>0x22b3</run_address>
         <size>0x742</size>
         <input_file_ref idref="fl-a"/>
      </object_component>
      <object_component id="oc-af">
         <name>.debug_info</name>
         <load_address>0x29f5</load_address>
         <run_address>0x29f5</run_address>
         <size>0x109</size>
         <input_file_ref idref="fl-a"/>
      </object_component>
      <object_component id="oc-ee">
         <name>.debug_info</name>
         <load_address>0x2afe</load_address>
         <run_address>0x2afe</run_address>
         <size>0x29c</size>
         <input_file_ref idref="fl-a"/>
      </object_component>
      <object_component id="oc-14b">
         <name>.debug_info</name>
         <load_address>0x2d9a</load_address>
         <run_address>0x2d9a</run_address>
         <size>0x756</size>
         <input_file_ref idref="fl-b"/>
      </object_component>
      <object_component id="oc-9d">
         <name>.debug_info</name>
         <load_address>0x34f0</load_address>
         <run_address>0x34f0</run_address>
         <size>0x2c0b</size>
         <input_file_ref idref="fl-b"/>
      </object_component>
      <object_component id="oc-213">
         <name>.debug_info</name>
         <load_address>0x60fb</load_address>
         <run_address>0x60fb</run_address>
         <size>0x15c</size>
         <input_file_ref idref="fl-b"/>
      </object_component>
      <object_component id="oc-1c7">
         <name>.debug_info</name>
         <load_address>0x6257</load_address>
         <run_address>0x6257</run_address>
         <size>0x35</size>
         <input_file_ref idref="fl-b"/>
      </object_component>
      <object_component id="oc-101">
         <name>.debug_info</name>
         <load_address>0x628c</load_address>
         <run_address>0x628c</run_address>
         <size>0x6dd</size>
         <input_file_ref idref="fl-c"/>
      </object_component>
      <object_component id="oc-80">
         <name>.debug_info</name>
         <load_address>0x6969</load_address>
         <run_address>0x6969</run_address>
         <size>0x2e6</size>
         <input_file_ref idref="fl-c"/>
      </object_component>
      <object_component id="oc-109">
         <name>.debug_info</name>
         <load_address>0x6c4f</load_address>
         <run_address>0x6c4f</run_address>
         <size>0xe3</size>
         <input_file_ref idref="fl-c"/>
      </object_component>
      <object_component id="oc-124">
         <name>.debug_info</name>
         <load_address>0x6d32</load_address>
         <run_address>0x6d32</run_address>
         <size>0xe3</size>
         <input_file_ref idref="fl-c"/>
      </object_component>
      <object_component id="oc-127">
         <name>.debug_info</name>
         <load_address>0x6e15</load_address>
         <run_address>0x6e15</run_address>
         <size>0xe3</size>
         <input_file_ref idref="fl-c"/>
      </object_component>
      <object_component id="oc-10f">
         <name>.debug_info</name>
         <load_address>0x6ef8</load_address>
         <run_address>0x6ef8</run_address>
         <size>0x125</size>
         <input_file_ref idref="fl-c"/>
      </object_component>
      <object_component id="oc-11b">
         <name>.debug_info</name>
         <load_address>0x701d</load_address>
         <run_address>0x701d</run_address>
         <size>0xe3</size>
         <input_file_ref idref="fl-c"/>
      </object_component>
      <object_component id="oc-10c">
         <name>.debug_info</name>
         <load_address>0x7100</load_address>
         <run_address>0x7100</run_address>
         <size>0xf1</size>
         <input_file_ref idref="fl-c"/>
      </object_component>
      <object_component id="oc-112">
         <name>.debug_info</name>
         <load_address>0x71f1</load_address>
         <run_address>0x71f1</run_address>
         <size>0xe5</size>
         <input_file_ref idref="fl-c"/>
      </object_component>
      <object_component id="oc-84">
         <name>.debug_info</name>
         <load_address>0x72d6</load_address>
         <run_address>0x72d6</run_address>
         <size>0x2a77</size>
         <input_file_ref idref="fl-c"/>
      </object_component>
      <object_component id="oc-1c2">
         <name>.debug_info</name>
         <load_address>0x9d4d</load_address>
         <run_address>0x9d4d</run_address>
         <size>0x39</size>
         <input_file_ref idref="fl-c"/>
      </object_component>
      <object_component id="oc-1cc">
         <name>.debug_info</name>
         <load_address>0x9d86</load_address>
         <run_address>0x9d86</run_address>
         <size>0xc6</size>
         <input_file_ref idref="fl-c"/>
      </object_component>
      <object_component id="oc-1e8">
         <name>.debug_info</name>
         <load_address>0x9e4c</load_address>
         <run_address>0x9e4c</run_address>
         <size>0x78e</size>
         <input_file_ref idref="fl-d"/>
      </object_component>
      <object_component id="oc-1e2">
         <name>.debug_info</name>
         <load_address>0xa5da</load_address>
         <run_address>0xa5da</run_address>
         <size>0xe4</size>
         <input_file_ref idref="fl-d"/>
      </object_component>
      <object_component id="oc-1e5">
         <name>.debug_info</name>
         <load_address>0xa6be</load_address>
         <run_address>0xa6be</run_address>
         <size>0xe4</size>
         <input_file_ref idref="fl-d"/>
      </object_component>
      <object_component id="oc-1df">
         <name>.debug_info</name>
         <load_address>0xa7a2</load_address>
         <run_address>0xa7a2</run_address>
         <size>0x11c</size>
         <input_file_ref idref="fl-d"/>
      </object_component>
      <object_component id="oc-1dc">
         <name>.debug_info</name>
         <load_address>0xa8be</load_address>
         <run_address>0xa8be</run_address>
         <size>0xd8</size>
         <input_file_ref idref="fl-d"/>
      </object_component>
      <object_component id="oc-115">
         <name>.debug_info</name>
         <load_address>0xa996</load_address>
         <run_address>0xa996</run_address>
         <size>0x14af</size>
         <input_file_ref idref="fl-d"/>
      </object_component>
      <object_component id="oc-1e9">
         <name>.debug_info</name>
         <load_address>0xbe45</load_address>
         <run_address>0xbe45</run_address>
         <size>0x109</size>
         <input_file_ref idref="fl-d"/>
      </object_component>
      <object_component id="oc-40">
         <name>.debug_info</name>
         <load_address>0xbf4e</load_address>
         <run_address>0xbf4e</run_address>
         <size>0x372</size>
         <input_file_ref idref="fl-e"/>
      </object_component>
      <object_component id="oc-13">
         <name>.debug_info</name>
         <load_address>0xc2c0</load_address>
         <run_address>0xc2c0</run_address>
         <size>0xed</size>
         <input_file_ref idref="fl-e"/>
      </object_component>
      <object_component id="oc-28">
         <name>.debug_info</name>
         <load_address>0xc3ad</load_address>
         <run_address>0xc3ad</run_address>
         <size>0x269</size>
         <input_file_ref idref="fl-e"/>
      </object_component>
      <object_component id="oc-25c">
         <name>.debug_info</name>
         <load_address>0xc616</load_address>
         <run_address>0xc616</run_address>
         <size>0x58e</size>
         <input_file_ref idref="fl-10"/>
      </object_component>
      <object_component id="oc-17c">
         <name>.debug_info</name>
         <load_address>0xcba4</load_address>
         <run_address>0xcba4</run_address>
         <size>0xc68</size>
         <input_file_ref idref="fl-10"/>
      </object_component>
      <object_component id="oc-172">
         <name>.debug_info</name>
         <load_address>0xd80c</load_address>
         <run_address>0xd80c</run_address>
         <size>0x2f1</size>
         <input_file_ref idref="fl-11"/>
      </object_component>
      <object_component id="oc-8d">
         <name>.debug_info</name>
         <load_address>0xdafd</load_address>
         <run_address>0xdafd</run_address>
         <size>0x3b5</size>
         <input_file_ref idref="fl-12"/>
      </object_component>
      <object_component id="oc-8a">
         <name>.debug_info</name>
         <load_address>0xdeb2</load_address>
         <run_address>0xdeb2</run_address>
         <size>0xf8</size>
         <input_file_ref idref="fl-12"/>
      </object_component>
      <object_component id="oc-35">
         <name>.debug_info</name>
         <load_address>0xdfaa</load_address>
         <run_address>0xdfaa</run_address>
         <size>0x70f</size>
         <input_file_ref idref="fl-12"/>
      </object_component>
      <object_component id="oc-2e">
         <name>.debug_info</name>
         <load_address>0xe6b9</load_address>
         <run_address>0xe6b9</run_address>
         <size>0x14f</size>
         <input_file_ref idref="fl-13"/>
      </object_component>
      <object_component id="oc-1fd">
         <name>.debug_info</name>
         <load_address>0xe808</load_address>
         <run_address>0xe808</run_address>
         <size>0x367</size>
         <input_file_ref idref="fl-14"/>
      </object_component>
      <object_component id="oc-1fa">
         <name>.debug_info</name>
         <load_address>0xeb6f</load_address>
         <run_address>0xeb6f</run_address>
         <size>0xdf</size>
         <input_file_ref idref="fl-14"/>
      </object_component>
      <object_component id="oc-1f4">
         <name>.debug_info</name>
         <load_address>0xec4e</load_address>
         <run_address>0xec4e</run_address>
         <size>0xdf</size>
         <input_file_ref idref="fl-14"/>
      </object_component>
      <object_component id="oc-1f7">
         <name>.debug_info</name>
         <load_address>0xed2d</load_address>
         <run_address>0xed2d</run_address>
         <size>0xdb</size>
         <input_file_ref idref="fl-14"/>
      </object_component>
      <object_component id="oc-1f1">
         <name>.debug_info</name>
         <load_address>0xee08</load_address>
         <run_address>0xee08</run_address>
         <size>0xf9</size>
         <input_file_ref idref="fl-14"/>
      </object_component>
      <object_component id="oc-11f">
         <name>.debug_info</name>
         <load_address>0xef01</load_address>
         <run_address>0xef01</run_address>
         <size>0x608</size>
         <input_file_ref idref="fl-14"/>
      </object_component>
      <object_component id="oc-28d">
         <name>.debug_info</name>
         <load_address>0xf509</load_address>
         <run_address>0xf509</run_address>
         <size>0x62</size>
         <input_file_ref idref="fl-14"/>
      </object_component>
      <object_component id="oc-144">
         <name>.debug_info</name>
         <load_address>0xf56b</load_address>
         <run_address>0xf56b</run_address>
         <size>0x3e4</size>
         <input_file_ref idref="fl-1a"/>
      </object_component>
      <object_component id="oc-2f5">
         <name>.debug_info</name>
         <load_address>0xf94f</load_address>
         <run_address>0xf94f</run_address>
         <size>0x170</size>
         <input_file_ref idref="fl-1a"/>
      </object_component>
      <object_component id="oc-2f8">
         <name>.debug_info</name>
         <load_address>0xfabf</load_address>
         <run_address>0xfabf</run_address>
         <size>0x172</size>
         <input_file_ref idref="fl-1a"/>
      </object_component>
      <object_component id="oc-23a">
         <name>.debug_info</name>
         <load_address>0xfc31</load_address>
         <run_address>0xfc31</run_address>
         <size>0x2ac</size>
         <input_file_ref idref="fl-1a"/>
      </object_component>
      <object_component id="oc-2a2">
         <name>.debug_info</name>
         <load_address>0xfedd</load_address>
         <run_address>0xfedd</run_address>
         <size>0x2bc</size>
         <input_file_ref idref="fl-1a"/>
      </object_component>
      <object_component id="oc-22e">
         <name>.debug_info</name>
         <load_address>0x10199</load_address>
         <run_address>0x10199</run_address>
         <size>0x31f</size>
         <input_file_ref idref="fl-1a"/>
      </object_component>
      <object_component id="oc-234">
         <name>.debug_info</name>
         <load_address>0x104b8</load_address>
         <run_address>0x104b8</run_address>
         <size>0x2c0</size>
         <input_file_ref idref="fl-1a"/>
      </object_component>
      <object_component id="oc-228">
         <name>.debug_info</name>
         <load_address>0x10778</load_address>
         <run_address>0x10778</run_address>
         <size>0x2a5</size>
         <input_file_ref idref="fl-1a"/>
      </object_component>
      <object_component id="oc-a9">
         <name>.debug_info</name>
         <load_address>0x10a1d</load_address>
         <run_address>0x10a1d</run_address>
         <size>0x284</size>
         <input_file_ref idref="fl-1a"/>
      </object_component>
      <object_component id="oc-2ac">
         <name>.debug_info</name>
         <load_address>0x10ca1</load_address>
         <run_address>0x10ca1</run_address>
         <size>0x2a1</size>
         <input_file_ref idref="fl-1a"/>
      </object_component>
      <object_component id="oc-246">
         <name>.debug_info</name>
         <load_address>0x10f42</load_address>
         <run_address>0x10f42</run_address>
         <size>0x2c4</size>
         <input_file_ref idref="fl-1a"/>
      </object_component>
      <object_component id="oc-97">
         <name>.debug_info</name>
         <load_address>0x11206</load_address>
         <run_address>0x11206</run_address>
         <size>0x288</size>
         <input_file_ref idref="fl-1a"/>
      </object_component>
      <object_component id="oc-240">
         <name>.debug_info</name>
         <load_address>0x1148e</load_address>
         <run_address>0x1148e</run_address>
         <size>0x2d8</size>
         <input_file_ref idref="fl-1a"/>
      </object_component>
      <object_component id="oc-24c">
         <name>.debug_info</name>
         <load_address>0x11766</load_address>
         <run_address>0x11766</run_address>
         <size>0x298</size>
         <input_file_ref idref="fl-1a"/>
      </object_component>
      <object_component id="oc-a3">
         <name>.debug_info</name>
         <load_address>0x119fe</load_address>
         <run_address>0x119fe</run_address>
         <size>0x296</size>
         <input_file_ref idref="fl-1a"/>
      </object_component>
      <object_component id="oc-20c">
         <name>.debug_info</name>
         <load_address>0x11c94</load_address>
         <run_address>0x11c94</run_address>
         <size>0x26b</size>
         <input_file_ref idref="fl-1a"/>
      </object_component>
      <object_component id="oc-205">
         <name>.debug_info</name>
         <load_address>0x11eff</load_address>
         <run_address>0x11eff</run_address>
         <size>0x297</size>
         <input_file_ref idref="fl-1a"/>
      </object_component>
      <object_component id="oc-2ee">
         <name>.debug_info</name>
         <load_address>0x12196</load_address>
         <run_address>0x12196</run_address>
         <size>0xef</size>
         <input_file_ref idref="fl-1a"/>
      </object_component>
      <object_component id="oc-13f">
         <name>.debug_info</name>
         <load_address>0x12285</load_address>
         <run_address>0x12285</run_address>
         <size>0xbb</size>
         <input_file_ref idref="fl-1a"/>
      </object_component>
      <object_component id="oc-2ff">
         <name>.debug_info</name>
         <load_address>0x12340</load_address>
         <run_address>0x12340</run_address>
         <size>0x3b7</size>
         <input_file_ref idref="fl-1b"/>
      </object_component>
      <object_component id="oc-301">
         <name>.debug_info</name>
         <load_address>0x126f7</load_address>
         <run_address>0x126f7</run_address>
         <size>0x15b</size>
         <input_file_ref idref="fl-1b"/>
      </object_component>
      <object_component id="oc-2fc">
         <name>.debug_info</name>
         <load_address>0x12852</load_address>
         <run_address>0x12852</run_address>
         <size>0x160</size>
         <input_file_ref idref="fl-1b"/>
      </object_component>
      <object_component id="oc-2b1">
         <name>.debug_info</name>
         <load_address>0x129b2</load_address>
         <run_address>0x129b2</run_address>
         <size>0x2ca</size>
         <input_file_ref idref="fl-1b"/>
      </object_component>
      <object_component id="oc-250">
         <name>.debug_info</name>
         <load_address>0x12c7c</load_address>
         <run_address>0x12c7c</run_address>
         <size>0x247</size>
         <input_file_ref idref="fl-1b"/>
      </object_component>
      <object_component id="oc-2b6">
         <name>.debug_info</name>
         <load_address>0x12ec3</load_address>
         <run_address>0x12ec3</run_address>
         <size>0x271</size>
         <input_file_ref idref="fl-1b"/>
      </object_component>
      <object_component id="oc-29c">
         <name>.debug_info</name>
         <load_address>0x13134</load_address>
         <run_address>0x13134</run_address>
         <size>0x441</size>
         <input_file_ref idref="fl-1c"/>
      </object_component>
      <object_component id="oc-21f">
         <name>.debug_info</name>
         <load_address>0x13575</load_address>
         <run_address>0x13575</run_address>
         <size>0x286</size>
         <input_file_ref idref="fl-1c"/>
      </object_component>
      <object_component id="oc-21a">
         <name>.debug_info</name>
         <load_address>0x137fb</load_address>
         <run_address>0x137fb</run_address>
         <size>0x2e4</size>
         <input_file_ref idref="fl-1c"/>
      </object_component>
      <object_component id="oc-2ea">
         <name>.debug_info</name>
         <load_address>0x13adf</load_address>
         <run_address>0x13adf</run_address>
         <size>0x51</size>
         <input_file_ref idref="fl-1c"/>
      </object_component>
      <object_component id="oc-2c1">
         <name>.debug_info</name>
         <load_address>0x13b30</load_address>
         <run_address>0x13b30</run_address>
         <size>0x21b</size>
         <input_file_ref idref="fl-1e"/>
      </object_component>
      <object_component id="oc-4d">
         <name>.debug_info</name>
         <load_address>0x13d4b</load_address>
         <run_address>0x13d4b</run_address>
         <size>0x119</size>
         <input_file_ref idref="fl-d5"/>
      </object_component>
      <object_component id="oc-e4">
         <name>.debug_info</name>
         <load_address>0x13e64</load_address>
         <run_address>0x13e64</run_address>
         <size>0x147</size>
         <input_file_ref idref="fl-d6"/>
      </object_component>
      <object_component id="oc-e0">
         <name>.debug_info</name>
         <load_address>0x13fab</load_address>
         <run_address>0x13fab</run_address>
         <size>0x2d4</size>
         <input_file_ref idref="fl-d8"/>
      </object_component>
      <object_component id="oc-5f">
         <name>.debug_info</name>
         <load_address>0x1427f</load_address>
         <run_address>0x1427f</run_address>
         <size>0x1b5</size>
         <input_file_ref idref="fl-d8"/>
      </object_component>
      <object_component id="oc-db">
         <name>.debug_info</name>
         <load_address>0x14434</load_address>
         <run_address>0x14434</run_address>
         <size>0x46</size>
         <input_file_ref idref="fl-d8"/>
      </object_component>
      <object_component id="oc-168">
         <name>.debug_info</name>
         <load_address>0x1447a</load_address>
         <run_address>0x1447a</run_address>
         <size>0x2c</size>
         <input_file_ref idref="fl-d8"/>
      </object_component>
      <object_component id="oc-57">
         <name>.debug_info</name>
         <load_address>0x144a6</load_address>
         <run_address>0x144a6</run_address>
         <size>0x2a8</size>
         <input_file_ref idref="fl-d9"/>
      </object_component>
      <object_component id="oc-1d">
         <name>.debug_info</name>
         <load_address>0x1474e</load_address>
         <run_address>0x1474e</run_address>
         <size>0x1ea</size>
         <input_file_ref idref="fl-d9"/>
      </object_component>
      <object_component id="oc-52">
         <name>.debug_info</name>
         <load_address>0x14938</load_address>
         <run_address>0x14938</run_address>
         <size>0x46</size>
         <input_file_ref idref="fl-d9"/>
      </object_component>
      <object_component id="oc-d3">
         <name>.debug_info</name>
         <load_address>0x1497e</load_address>
         <run_address>0x1497e</run_address>
         <size>0x2c</size>
         <input_file_ref idref="fl-d9"/>
      </object_component>
      <object_component id="oc-d1">
         <name>.debug_info</name>
         <load_address>0x149aa</load_address>
         <run_address>0x149aa</run_address>
         <size>0x29e</size>
         <input_file_ref idref="fl-da"/>
      </object_component>
      <object_component id="oc-19">
         <name>.debug_info</name>
         <load_address>0x14c48</load_address>
         <run_address>0x14c48</run_address>
         <size>0x250</size>
         <input_file_ref idref="fl-da"/>
      </object_component>
      <object_component id="oc-42">
         <name>.debug_info</name>
         <load_address>0x14e98</load_address>
         <run_address>0x14e98</run_address>
         <size>0x60</size>
         <input_file_ref idref="fl-da"/>
      </object_component>
      <object_component id="oc-161">
         <name>.debug_info</name>
         <load_address>0x14ef8</load_address>
         <run_address>0x14ef8</run_address>
         <size>0x46</size>
         <input_file_ref idref="fl-da"/>
      </object_component>
      <object_component id="oc-cc">
         <name>.debug_info</name>
         <load_address>0x14f3e</load_address>
         <run_address>0x14f3e</run_address>
         <size>0x39</size>
         <input_file_ref idref="fl-da"/>
      </object_component>
      <object_component id="oc-25">
         <name>.debug_info</name>
         <load_address>0x14f77</load_address>
         <run_address>0x14f77</run_address>
         <size>0x10b</size>
         <input_file_ref idref="fl-db"/>
      </object_component>
      <object_component id="oc-6e">
         <name>.debug_info</name>
         <load_address>0x15082</load_address>
         <run_address>0x15082</run_address>
         <size>0x1a9</size>
         <input_file_ref idref="fl-db"/>
      </object_component>
      <object_component id="oc-268">
         <name>.debug_info</name>
         <load_address>0x1522b</load_address>
         <run_address>0x1522b</run_address>
         <size>0x4b3</size>
         <input_file_ref idref="fl-e5"/>
      </object_component>
      <object_component id="oc-190">
         <name>.debug_info</name>
         <load_address>0x156de</load_address>
         <run_address>0x156de</run_address>
         <size>0x1a6</size>
         <input_file_ref idref="fl-e5"/>
      </object_component>
      <object_component id="oc-2d7">
         <name>.debug_info</name>
         <load_address>0x15884</load_address>
         <run_address>0x15884</run_address>
         <size>0x39</size>
         <input_file_ref idref="fl-e5"/>
      </object_component>
      <object_component id="oc-308">
         <name>.debug_info</name>
         <load_address>0x158bd</load_address>
         <run_address>0x158bd</run_address>
         <size>0x39</size>
         <input_file_ref idref="fl-e5"/>
      </object_component>
      <object_component id="oc-2dc">
         <name>.debug_info</name>
         <load_address>0x158f6</load_address>
         <run_address>0x158f6</run_address>
         <size>0x39</size>
         <input_file_ref idref="fl-e5"/>
      </object_component>
      <object_component id="oc-2e1">
         <name>.debug_info</name>
         <load_address>0x1592f</load_address>
         <run_address>0x1592f</run_address>
         <size>0xcd</size>
         <input_file_ref idref="fl-e5"/>
      </object_component>
      <object_component id="oc-e9">
         <name>.debug_info</name>
         <load_address>0x159fc</load_address>
         <run_address>0x159fc</run_address>
         <size>0x153</size>
         <input_file_ref idref="fl-e6"/>
      </object_component>
      <object_component id="oc-185">
         <name>.debug_info</name>
         <load_address>0x15b4f</load_address>
         <run_address>0x15b4f</run_address>
         <size>0x122</size>
         <input_file_ref idref="fl-e8"/>
      </object_component>
      <object_component id="oc-34e">
         <name>.debug_info</name>
         <load_address>0x15c71</load_address>
         <run_address>0x15c71</run_address>
         <size>0xa0</size>
      </object_component>
      <object_component id="oc-204">
         <name>.debug_line</name>
         <load_address>0x0</load_address>
         <run_address>0x0</run_address>
         <size>0xe3</size>
         <input_file_ref idref="fl-2"/>
      </object_component>
      <object_component id="oc-3d">
         <name>.debug_line</name>
         <load_address>0xe3</load_address>
         <run_address>0xe3</run_address>
         <size>0x89</size>
         <input_file_ref idref="fl-2"/>
      </object_component>
      <object_component id="oc-be">
         <name>.debug_line</name>
         <load_address>0x16c</load_address>
         <run_address>0x16c</run_address>
         <size>0x63</size>
         <input_file_ref idref="fl-2"/>
      </object_component>
      <object_component id="oc-c5">
         <name>.debug_line</name>
         <load_address>0x1cf</load_address>
         <run_address>0x1cf</run_address>
         <size>0x6f</size>
         <input_file_ref idref="fl-2"/>
      </object_component>
      <object_component id="oc-b9">
         <name>.debug_line</name>
         <load_address>0x23e</load_address>
         <run_address>0x23e</run_address>
         <size>0x20</size>
         <input_file_ref idref="fl-2"/>
      </object_component>
      <object_component id="oc-149">
         <name>.debug_line</name>
         <load_address>0x25e</load_address>
         <run_address>0x25e</run_address>
         <size>0x5f</size>
         <input_file_ref idref="fl-2"/>
      </object_component>
      <object_component id="oc-158">
         <name>.debug_line</name>
         <load_address>0x2bd</load_address>
         <run_address>0x2bd</run_address>
         <size>0x60</size>
         <input_file_ref idref="fl-2"/>
      </object_component>
      <object_component id="oc-91">
         <name>.debug_line</name>
         <load_address>0x31d</load_address>
         <run_address>0x31d</run_address>
         <size>0x62</size>
         <input_file_ref idref="fl-2"/>
      </object_component>
      <object_component id="oc-15f">
         <name>.debug_line</name>
         <load_address>0x37f</load_address>
         <run_address>0x37f</run_address>
         <size>0x73</size>
         <input_file_ref idref="fl-2"/>
      </object_component>
      <object_component id="oc-ca">
         <name>.debug_line</name>
         <load_address>0x3f2</load_address>
         <run_address>0x3f2</run_address>
         <size>0x70</size>
         <input_file_ref idref="fl-2"/>
      </object_component>
      <object_component id="oc-132">
         <name>.debug_line</name>
         <load_address>0x462</load_address>
         <run_address>0x462</run_address>
         <size>0x63</size>
         <input_file_ref idref="fl-2"/>
      </object_component>
      <object_component id="oc-259">
         <name>.debug_line</name>
         <load_address>0x4c5</load_address>
         <run_address>0x4c5</run_address>
         <size>0x8d</size>
         <input_file_ref idref="fl-4"/>
      </object_component>
      <object_component id="oc-4a">
         <name>.debug_line</name>
         <load_address>0x552</load_address>
         <run_address>0x552</run_address>
         <size>0x20</size>
         <input_file_ref idref="fl-4"/>
      </object_component>
      <object_component id="oc-299">
         <name>.debug_line</name>
         <load_address>0x572</load_address>
         <run_address>0x572</run_address>
         <size>0xb9</size>
         <input_file_ref idref="fl-5"/>
      </object_component>
      <object_component id="oc-12d">
         <name>.debug_line</name>
         <load_address>0x62b</load_address>
         <run_address>0x62b</run_address>
         <size>0x5e</size>
         <input_file_ref idref="fl-5"/>
      </object_component>
      <object_component id="oc-13b">
         <name>.debug_line</name>
         <load_address>0x689</load_address>
         <run_address>0x689</run_address>
         <size>0x5e</size>
         <input_file_ref idref="fl-5"/>
      </object_component>
      <object_component id="oc-27e">
         <name>.debug_line</name>
         <load_address>0x6e7</load_address>
         <run_address>0x6e7</run_address>
         <size>0x20</size>
         <input_file_ref idref="fl-9"/>
      </object_component>
      <object_component id="oc-107">
         <name>.debug_line</name>
         <load_address>0x707</load_address>
         <run_address>0x707</run_address>
         <size>0xdb</size>
         <input_file_ref idref="fl-9"/>
      </object_component>
      <object_component id="oc-14f">
         <name>.debug_line</name>
         <load_address>0x7e2</load_address>
         <run_address>0x7e2</run_address>
         <size>0x6b</size>
         <input_file_ref idref="fl-9"/>
      </object_component>
      <object_component id="oc-154">
         <name>.debug_line</name>
         <load_address>0x84d</load_address>
         <run_address>0x84d</run_address>
         <size>0xf8</size>
         <input_file_ref idref="fl-a"/>
      </object_component>
      <object_component id="oc-15b">
         <name>.debug_line</name>
         <load_address>0x945</load_address>
         <run_address>0x945</run_address>
         <size>0x2d</size>
         <input_file_ref idref="fl-a"/>
      </object_component>
      <object_component id="oc-f1">
         <name>.debug_line</name>
         <load_address>0x972</load_address>
         <run_address>0x972</run_address>
         <size>0x52</size>
         <input_file_ref idref="fl-a"/>
      </object_component>
      <object_component id="oc-212">
         <name>.debug_line</name>
         <load_address>0x9c4</load_address>
         <run_address>0x9c4</run_address>
         <size>0x121</size>
         <input_file_ref idref="fl-b"/>
      </object_component>
      <object_component id="oc-9b">
         <name>.debug_line</name>
         <load_address>0xae5</load_address>
         <run_address>0xae5</run_address>
         <size>0x704</size>
         <input_file_ref idref="fl-b"/>
      </object_component>
      <object_component id="oc-216">
         <name>.debug_line</name>
         <load_address>0x11e9</load_address>
         <run_address>0x11e9</run_address>
         <size>0x2e</size>
         <input_file_ref idref="fl-b"/>
      </object_component>
      <object_component id="oc-1ca">
         <name>.debug_line</name>
         <load_address>0x1217</load_address>
         <run_address>0x1217</run_address>
         <size>0x74</size>
         <input_file_ref idref="fl-b"/>
      </object_component>
      <object_component id="oc-1c1">
         <name>.debug_line</name>
         <load_address>0x128b</load_address>
         <run_address>0x128b</run_address>
         <size>0x16e</size>
         <input_file_ref idref="fl-c"/>
      </object_component>
      <object_component id="oc-100">
         <name>.debug_line</name>
         <load_address>0x13f9</load_address>
         <run_address>0x13f9</run_address>
         <size>0x2e</size>
         <input_file_ref idref="fl-c"/>
      </object_component>
      <object_component id="oc-1d4">
         <name>.debug_line</name>
         <load_address>0x1427</load_address>
         <run_address>0x1427</run_address>
         <size>0x2e</size>
         <input_file_ref idref="fl-c"/>
      </object_component>
      <object_component id="oc-1ff">
         <name>.debug_line</name>
         <load_address>0x1455</load_address>
         <run_address>0x1455</run_address>
         <size>0x2e</size>
         <input_file_ref idref="fl-c"/>
      </object_component>
      <object_component id="oc-201">
         <name>.debug_line</name>
         <load_address>0x1483</load_address>
         <run_address>0x1483</run_address>
         <size>0x2e</size>
         <input_file_ref idref="fl-c"/>
      </object_component>
      <object_component id="oc-1d8">
         <name>.debug_line</name>
         <load_address>0x14b1</load_address>
         <run_address>0x14b1</run_address>
         <size>0x2e</size>
         <input_file_ref idref="fl-c"/>
      </object_component>
      <object_component id="oc-1ef">
         <name>.debug_line</name>
         <load_address>0x14df</load_address>
         <run_address>0x14df</run_address>
         <size>0x2e</size>
         <input_file_ref idref="fl-c"/>
      </object_component>
      <object_component id="oc-1d6">
         <name>.debug_line</name>
         <load_address>0x150d</load_address>
         <run_address>0x150d</run_address>
         <size>0x2e</size>
         <input_file_ref idref="fl-c"/>
      </object_component>
      <object_component id="oc-1da">
         <name>.debug_line</name>
         <load_address>0x153b</load_address>
         <run_address>0x153b</run_address>
         <size>0x2e</size>
         <input_file_ref idref="fl-c"/>
      </object_component>
      <object_component id="oc-83">
         <name>.debug_line</name>
         <load_address>0x1569</load_address>
         <run_address>0x1569</run_address>
         <size>0x778</size>
         <input_file_ref idref="fl-c"/>
      </object_component>
      <object_component id="oc-1c5">
         <name>.debug_line</name>
         <load_address>0x1ce1</load_address>
         <run_address>0x1ce1</run_address>
         <size>0x60</size>
         <input_file_ref idref="fl-c"/>
      </object_component>
      <object_component id="oc-1cf">
         <name>.debug_line</name>
         <load_address>0x1d41</load_address>
         <run_address>0x1d41</run_address>
         <size>0x2e</size>
         <input_file_ref idref="fl-c"/>
      </object_component>
      <object_component id="oc-288">
         <name>.debug_line</name>
         <load_address>0x1d6f</load_address>
         <run_address>0x1d6f</run_address>
         <size>0x160</size>
         <input_file_ref idref="fl-d"/>
      </object_component>
      <object_component id="oc-284">
         <name>.debug_line</name>
         <load_address>0x1ecf</load_address>
         <run_address>0x1ecf</run_address>
         <size>0x2f</size>
         <input_file_ref idref="fl-d"/>
      </object_component>
      <object_component id="oc-286">
         <name>.debug_line</name>
         <load_address>0x1efe</load_address>
         <run_address>0x1efe</run_address>
         <size>0x2f</size>
         <input_file_ref idref="fl-d"/>
      </object_component>
      <object_component id="oc-282">
         <name>.debug_line</name>
         <load_address>0x1f2d</load_address>
         <run_address>0x1f2d</run_address>
         <size>0x2f</size>
         <input_file_ref idref="fl-d"/>
      </object_component>
      <object_component id="oc-280">
         <name>.debug_line</name>
         <load_address>0x1f5c</load_address>
         <run_address>0x1f5c</run_address>
         <size>0x2f</size>
         <input_file_ref idref="fl-d"/>
      </object_component>
      <object_component id="oc-118">
         <name>.debug_line</name>
         <load_address>0x1f8b</load_address>
         <run_address>0x1f8b</run_address>
         <size>0x309</size>
         <input_file_ref idref="fl-d"/>
      </object_component>
      <object_component id="oc-1ec">
         <name>.debug_line</name>
         <load_address>0x2294</load_address>
         <run_address>0x2294</run_address>
         <size>0x2f</size>
         <input_file_ref idref="fl-d"/>
      </object_component>
      <object_component id="oc-c1">
         <name>.debug_line</name>
         <load_address>0x22c3</load_address>
         <run_address>0x22c3</run_address>
         <size>0x41</size>
         <input_file_ref idref="fl-e"/>
      </object_component>
      <object_component id="oc-3f">
         <name>.debug_line</name>
         <load_address>0x2304</load_address>
         <run_address>0x2304</run_address>
         <size>0x41</size>
         <input_file_ref idref="fl-e"/>
      </object_component>
      <object_component id="oc-2c">
         <name>.debug_line</name>
         <load_address>0x2345</load_address>
         <run_address>0x2345</run_address>
         <size>0xa1</size>
         <input_file_ref idref="fl-e"/>
      </object_component>
      <object_component id="oc-2c6">
         <name>.debug_line</name>
         <load_address>0x23e6</load_address>
         <run_address>0x23e6</run_address>
         <size>0x162</size>
         <input_file_ref idref="fl-10"/>
      </object_component>
      <object_component id="oc-17a">
         <name>.debug_line</name>
         <load_address>0x2548</load_address>
         <run_address>0x2548</run_address>
         <size>0x1c9</size>
         <input_file_ref idref="fl-10"/>
      </object_component>
      <object_component id="oc-175">
         <name>.debug_line</name>
         <load_address>0x2711</load_address>
         <run_address>0x2711</run_address>
         <size>0x57</size>
         <input_file_ref idref="fl-11"/>
      </object_component>
      <object_component id="oc-137">
         <name>.debug_line</name>
         <load_address>0x2768</load_address>
         <run_address>0x2768</run_address>
         <size>0xc4</size>
         <input_file_ref idref="fl-12"/>
      </object_component>
      <object_component id="oc-135">
         <name>.debug_line</name>
         <load_address>0x282c</load_address>
         <run_address>0x282c</run_address>
         <size>0x43</size>
         <input_file_ref idref="fl-12"/>
      </object_component>
      <object_component id="oc-37">
         <name>.debug_line</name>
         <load_address>0x286f</load_address>
         <run_address>0x286f</run_address>
         <size>0x158</size>
         <input_file_ref idref="fl-12"/>
      </object_component>
      <object_component id="oc-31">
         <name>.debug_line</name>
         <load_address>0x29c7</load_address>
         <run_address>0x29c7</run_address>
         <size>0x87</size>
         <input_file_ref idref="fl-13"/>
      </object_component>
      <object_component id="oc-297">
         <name>.debug_line</name>
         <load_address>0x2a4e</load_address>
         <run_address>0x2a4e</run_address>
         <size>0x5e</size>
         <input_file_ref idref="fl-14"/>
      </object_component>
      <object_component id="oc-295">
         <name>.debug_line</name>
         <load_address>0x2aac</load_address>
         <run_address>0x2aac</run_address>
         <size>0x40</size>
         <input_file_ref idref="fl-14"/>
      </object_component>
      <object_component id="oc-28c">
         <name>.debug_line</name>
         <load_address>0x2aec</load_address>
         <run_address>0x2aec</run_address>
         <size>0x40</size>
         <input_file_ref idref="fl-14"/>
      </object_component>
      <object_component id="oc-293">
         <name>.debug_line</name>
         <load_address>0x2b2c</load_address>
         <run_address>0x2b2c</run_address>
         <size>0x40</size>
         <input_file_ref idref="fl-14"/>
      </object_component>
      <object_component id="oc-28a">
         <name>.debug_line</name>
         <load_address>0x2b6c</load_address>
         <run_address>0x2b6c</run_address>
         <size>0x40</size>
         <input_file_ref idref="fl-14"/>
      </object_component>
      <object_component id="oc-11e">
         <name>.debug_line</name>
         <load_address>0x2bac</load_address>
         <run_address>0x2bac</run_address>
         <size>0x113</size>
         <input_file_ref idref="fl-14"/>
      </object_component>
      <object_component id="oc-290">
         <name>.debug_line</name>
         <load_address>0x2cbf</load_address>
         <run_address>0x2cbf</run_address>
         <size>0x40</size>
         <input_file_ref idref="fl-14"/>
      </object_component>
      <object_component id="oc-20b">
         <name>.debug_line</name>
         <load_address>0x2cff</load_address>
         <run_address>0x2cff</run_address>
         <size>0x82</size>
         <input_file_ref idref="fl-1a"/>
      </object_component>
      <object_component id="oc-315">
         <name>.debug_line</name>
         <load_address>0x2d81</load_address>
         <run_address>0x2d81</run_address>
         <size>0x7d</size>
         <input_file_ref idref="fl-1a"/>
      </object_component>
      <object_component id="oc-317">
         <name>.debug_line</name>
         <load_address>0x2dfe</load_address>
[...]
         <value>0x1523</value>
         <object_component_ref idref="oc-99"/>
      </symbol>
      <symbol id="sm-1d6">
         <name>uxQueueMessagesWaiting</name>
         <value>0x1873</value>
         <object_component_ref idref="oc-99"/>
      </symbol>
      <symbol id="sm-1d7">
         <name>xQueueIsQueueFullFromISR</name>
         <value>0x1ae1</value>
         <object_component_ref idref="oc-99"/>
      </symbol>
      <symbol id="sm-1d8">
         <name>xQueueSelectFromSet</name>
         <value>0x1bdd</value>
         <object_component_ref idref="oc-99"/>
      </symbol>
      <symbol id="sm-1d9">
         <name>xQueueGenericCreate</name>
         <value>0x11fb</value>
         <object_component_ref idref="oc-99"/>
      </symbol>
      <symbol id="sm-1da">
         <name>xQueueSelectFromSetFromISR</name>
         <value>0x1bf7</value>
         <object_component_ref idref="oc-99"/>
      </symbol>
      <symbol id="sm-1db">
         <name>xQueueCreateMutex</name>
         <value>0x126f</value>
         <object_component_ref idref="oc-99"/>
      </symbol>
      <symbol id="sm-1dc">
         <name>xQueueGenericSend</name>
         <value>0x13d3</value>
         <object_component_ref idref="oc-99"/>
      </symbol>
      <symbol id="sm-1dd">
         <name>xQueueGenericReset</name>
         <value>0x1161</value>
         <object_component_ref idref="oc-99"/>
      </symbol>
      <symbol id="sm-1de">
         <name>xQueueReceiveFromISR</name>
         <value>0x176b</value>
         <object_component_ref idref="oc-99"/>
      </symbol>
      <symbol id="sm-1df">
         <name>uxQueueSpacesAvailable</name>
         <value>0x1893</value>
         <object_component_ref idref="oc-99"/>
      </symbol>
      <symbol id="sm-1e0">
         <name>xQueueGiveMutexRecursive</name>
         <value>0x12eb</value>
         <object_component_ref idref="oc-99"/>
      </symbol>
      <symbol id="sm-1e1">
         <name>uxQueueMessagesWaitingFromISR</name>
         <value>0x18bd</value>
         <object_component_ref idref="oc-99"/>
      </symbol>
      <symbol id="sm-1e2">
         <name>xQueueGenericReceive</name>
         <value>0x1605</value>
         <object_component_ref idref="oc-99"/>
      </symbol>
      <symbol id="sm-1e3">
         <name>xQueueTakeMutexRecursive</name>
         <value>0x1331</value>
         <object_component_ref idref="oc-99"/>
      </symbol>
      <symbol id="sm-1e4">
         <name>xQueueCreateCountingSemaphore</name>
         <value>0x1385</value>
         <object_component_ref idref="oc-99"/>
      </symbol>
      <symbol id="sm-1e5">
         <name>vQueueWaitForMessageRestricted</name>
         <value>0x1b09</value>
         <object_component_ref idref="oc-99"/>
      </symbol>
      <symbol id="sm-1e6">
         <name>vQueueDelete</name>
         <value>0x18d5</value>
         <object_component_ref idref="oc-99"/>
      </symbol>
      <symbol id="sm-1e7">
         <name>xQueueAddToSet</name>
         <value>0x1b67</value>
         <object_component_ref idref="oc-99"/>
      </symbol>
      <symbol id="sm-1e8">
         <name>xQueueCreateSet</name>
         <value>0x1b53</value>
         <object_component_ref idref="oc-99"/>
      </symbol>
      <symbol id="sm-1e9">
         <name>xQueueRemoveFromSet</name>
         <value>0x1b9b</value>
         <object_component_ref idref="oc-99"/>
      </symbol>
      <symbol id="sm-36f">
         <name>vTaskDelay</name>
         <value>0x4a3</value>
         <object_component_ref idref="oc-82"/>
      </symbol>
      <symbol id="sm-370">
         <name>vTaskSuspendAll</name>
         <value>0x8eb</value>
         <object_component_ref idref="oc-82"/>
      </symbol>
      <symbol id="sm-371">
         <name>vTaskPriorityInherit</name>
         <value>0x102f</value>
         <object_component_ref idref="oc-82"/>
      </symbol>
      <symbol id="sm-372">
         <name>vTaskPlaceOnEventList</name>
         <value>0xc0d</value>
         <object_component_ref idref="oc-82"/>
      </symbol>
      <symbol id="sm-373">
         <name>xTaskCheckForTimeOut</name>
         <value>0xd4d</value>
         <object_component_ref idref="oc-82"/>
      </symbol>
      <symbol id="sm-374">
         <name>vTaskPrioritySet</name>
         <value>0x5a5</value>
         <object_component_ref idref="oc-82"/>
      </symbol>
      <symbol id="sm-375">
         <name>vTaskStartScheduler</name>
         <value>0x879</value>
         <object_component_ref idref="oc-82"/>
      </symbol>
      <symbol id="sm-376">
         <name>vTaskPriorityDisinherit</name>
         <value>0x10bf</value>
         <object_component_ref idref="oc-82"/>
      </symbol>
      <symbol id="sm-377">
         <name>vTaskDelayUntil</name>
         <value>0x403</value>
         <object_component_ref idref="oc-82"/>
      </symbol>
      <symbol id="sm-378">
         <name>vTaskEndScheduler</name>
         <value>0x8d9</value>
         <object_component_ref idref="oc-82"/>
      </symbol>
      <symbol id="sm-379">
         <name>vTaskMissedYield</name>
         <value>0xddb</value>
         <object_component_ref idref="oc-82"/>
      </symbol>
      <symbol id="sm-37a">
         <name>uxTaskGetNumberOfTasks</name>
         <value>0xa05</value>
         <object_component_ref idref="oc-82"/>
      </symbol>
      <symbol id="sm-37b">
         <name>uxTaskPriorityGet</name>
         <value>0x561</value>
         <object_component_ref idref="oc-82"/>
      </symbol>
      <symbol id="sm-37c">
         <name>xTaskResumeAll</name>
         <value>0x8fd</value>
         <object_component_ref idref="oc-82"/>
      </symbol>
      <symbol id="sm-37d">
         <name>xTaskGetTickCount</name>
         <value>0x9d9</value>
         <object_component_ref idref="oc-82"/>
      </symbol>
      <symbol id="sm-37e">
         <name>xTaskGenericCreate</name>
         <value>0x26d</value>
         <object_component_ref idref="oc-82"/>
      </symbol>
      <symbol id="sm-37f">
         <name>vTaskDelete</name>
         <value>0x3a3</value>
         <object_component_ref idref="oc-82"/>
      </symbol>
      <symbol id="sm-380">
         <name>pxCurrentTCB</name>
         <value>0x20006668</value>
         <object_component_ref idref="oc-7f"/>
      </symbol>
      <symbol id="sm-381">
         <name>eTaskGetState</name>
         <value>0x4dd</value>
         <object_component_ref idref="oc-82"/>
      </symbol>
      <symbol id="sm-382">
         <name>vTaskSuspend</name>
         <value>0x6ad</value>
         <object_component_ref idref="oc-82"/>
      </symbol>
      <symbol id="sm-383">
         <name>xTaskGetTickCountFromISR</name>
         <value>0x9ed</value>
         <object_component_ref idref="oc-82"/>
      </symbol>
      <symbol id="sm-384">
         <name>vTaskResume</name>
         <value>0x76d</value>
         <object_component_ref idref="oc-82"/>
      </symbol>
      <symbol id="sm-385">
         <name>vTaskPlaceOnEventListRestricted</name>
         <value>0xc5b</value>
         <object_component_ref idref="oc-82"/>
      </symbol>
      <symbol id="sm-386">
         <name>vTaskSetTimeOutState</name>
         <value>0xd2d</value>
         <object_component_ref idref="oc-82"/>
      </symbol>
      <symbol id="sm-387">
         <name>xTaskIncrementTick</name>
         <value>0xa19</value>
         <object_component_ref idref="oc-82"/>
      </symbol>
      <symbol id="sm-388">
         <name>vTaskSwitchContext</name>
         <value>0xb75</value>
         <object_component_ref idref="oc-82"/>
      </symbol>
      <symbol id="sm-389">
         <name>xTaskGetSchedulerState</name>
         <value>0x1009</value>
         <object_component_ref idref="oc-82"/>
      </symbol>
      <symbol id="sm-38a">
         <name>xTaskResumeFromISR</name>
         <value>0x7e7</value>
         <object_component_ref idref="oc-82"/>
      </symbol>
      <symbol id="sm-38b">
         <name>xTaskGetCurrentTaskHandle</name>
         <value>0xff9</value>
         <object_component_ref idref="oc-82"/>
      </symbol>
      <symbol id="sm-38c">
         <name>xTaskRemoveFromEventList</name>
         <value>0xca9</value>
         <object_component_ref idref="oc-82"/>
      </symbol>
      <symbol id="sm-38d">
         <name>xTaskIsTaskSuspended</name>
         <value>0x717</value>
         <object_component_ref idref="oc-82"/>
      </symbol>
      <symbol id="sm-411">
         <name>xTimerCreateTimerTask</name>
         <value>0x1c79</value>
         <object_component_ref idref="oc-114"/>
      </symbol>
      <symbol id="sm-412">
         <name>xTimerIsTimerActive</name>
         <value>0x2101</value>
         <object_component_ref idref="oc-114"/>
      </symbol>
      <symbol id="sm-413">
         <name>xTimerCreate</name>
         <value>0x1cbd</value>
         <object_component_ref idref="oc-114"/>
      </symbol>
      <symbol id="sm-414">
         <name>xTimerGenericCommand</name>
         <value>0x1d21</value>
         <object_component_ref idref="oc-114"/>
      </symbol>
      <symbol id="sm-415">
         <name>pvTimerGetTimerID</name>
         <value>0x212d</value>
         <object_component_ref idref="oc-114"/>
      </symbol>
      <symbol id="sm-431">
         <name>ResetISR</name>
         <value>0x353d</value>
         <object_component_ref idref="oc-27"/>
      </symbol>
      <symbol id="sm-432">
         <name>g_pfnVectors</name>
         <value>0x0</value>
         <object_component_ref idref="oc-12"/>
      </symbol>
      <symbol id="sm-476">
         <name>v_Driver_UP_Task</name>
         <value>0x21af</value>
         <object_component_ref idref="oc-178"/>
      </symbol>
      <symbol id="sm-477">
         <name>v_Passenger_UP_Task</name>
         <value>0x2379</value>
         <object_component_ref idref="oc-178"/>
      </symbol>
      <symbol id="sm-478">
         <name>v_Driver_Down_Task</name>
         <value>0x22a1</value>
         <object_component_ref idref="oc-178"/>
      </symbol>
      <symbol id="sm-479">
         <name>v_Passenger_Down_Task</name>
         <value>0x24b1</value>
         <object_component_ref idref="oc-178"/>
      </symbol>
      <symbol id="sm-47a">
         <name>v_Jam_Task</name>
         <value>0x2155</value>
         <object_component_ref idref="oc-178"/>
      </symbol>
      <symbol id="sm-48d">
         <name>Window_contorl_init</name>
         <value>0x2f3d</value>
         <object_component_ref idref="oc-171"/>
      </symbol>
      <symbol id="sm-4b4">
         <name>vPortEndScheduler</name>
         <value>0x2dc9</value>
         <object_component_ref idref="oc-32"/>
      </symbol>
      <symbol id="sm-4b5">
         <name>vPortYield</name>
         <value>0x2dd5</value>
         <object_component_ref idref="oc-32"/>
      </symbol>
      <symbol id="sm-4b6">
         <name>xPortSysTickHandler</name>
         <value>0x2e05</value>
         <object_component_ref idref="oc-32"/>
      </symbol>
      <symbol id="sm-4b7">
         <name>vPortYieldFromISR</name>
         <value>0x2dcb</value>
         <object_component_ref idref="oc-32"/>
      </symbol>
      <symbol id="sm-4b8">
         <name>pxPortInitialiseStack</name>
         <value>0x2d3d</value>
         <object_component_ref idref="oc-32"/>
      </symbol>
      <symbol id="sm-4b9">
         <name>vPortExitCritical</name>
         <value>0x2def</value>
         <object_component_ref idref="oc-32"/>
      </symbol>
      <symbol id="sm-4ba">
         <name>xPortStartScheduler</name>
         <value>0x2d93</value>
         <object_component_ref idref="oc-32"/>
      </symbol>
      <symbol id="sm-4bb">
         <name>vPortEnterCritical</name>
         <value>0x2ddf</value>
         <object_component_ref idref="oc-32"/>
      </symbol>
      <symbol id="sm-4c6">
         <name>vPortStartFirstTask</name>
         <value>0x3099</value>
         <object_component_ref idref="oc-2d"/>
      </symbol>
      <symbol id="sm-4c7">
         <name>vPortEnableVFP</name>
         <value>0x30ad</value>
         <object_component_ref idref="oc-2d"/>
      </symbol>
      <symbol id="sm-4c8">
         <name>xPortPendSVHandler</name>
         <value>0x301d</value>
         <object_component_ref idref="oc-2d"/>
      </symbol>
      <symbol id="sm-4c9">
         <name>vPortClearInterruptMask</name>
         <value>0x3075</value>
         <object_component_ref idref="oc-2d"/>
      </symbol>
      <symbol id="sm-4ca">
         <name>vPortSetInterruptMask</name>
         <value>0x306b</value>
         <object_component_ref idref="oc-2d"/>
      </symbol>
      <symbol id="sm-4cb">
         <name>vPortSVCHandler</name>
         <value>0x307f</value>
         <object_component_ref idref="oc-2d"/>
      </symbol>
      <symbol id="sm-512">
         <name>vPortInitialiseBlocks</name>
         <value>0x2929</value>
         <object_component_ref idref="oc-11d"/>
      </symbol>
      <symbol id="sm-513">
         <name>xPortGetFreeHeapSize</name>
         <value>0x2923</value>
         <object_component_ref idref="oc-11d"/>
      </symbol>
      <symbol id="sm-514">
         <name>pvPortMalloc</name>
         <value>0x27cd</value>
         <object_component_ref idref="oc-11d"/>
      </symbol>
      <symbol id="sm-515">
         <name>vPortFree</name>
         <value>0x28c5</value>
         <object_component_ref idref="oc-11d"/>
      </symbol>
      <symbol id="sm-5ae">
         <name>GPIOIntRegister</name>
         <value>0x34bf</value>
         <object_component_ref idref="oc-23c"/>
      </symbol>
      <symbol id="sm-5af">
         <name>GPIOIntEnable</name>
         <value>0x3525</value>
         <object_component_ref idref="oc-248"/>
      </symbol>
      <symbol id="sm-5b0">
         <name>GPIOIntTypeSet</name>
         <value>0x32a5</value>
         <object_component_ref idref="oc-242"/>
      </symbol>
      <symbol id="sm-5b1">
         <name>GPIOPinTypeGPIOInput</name>
         <value>0x34d7</value>
         <object_component_ref idref="oc-224"/>
      </symbol>
      <symbol id="sm-5b2">
         <name>GPIOIntClear</name>
         <value>0x3549</value>
         <object_component_ref idref="oc-9f"/>
      </symbol>
      <symbol id="sm-5b3">
         <name>GPIOIntStatus</name>
         <value>0x34fd</value>
         <object_component_ref idref="oc-93"/>
      </symbol>
      <symbol id="sm-5b4">
         <name>GPIOPinTypeGPIOOutput</name>
         <value>0x34a5</value>
         <object_component_ref idref="oc-230"/>
      </symbol>
      <symbol id="sm-5b5">
         <name>GPIOPinRead</name>
         <value>0x354f</value>
         <object_component_ref idref="oc-a5"/>
      </symbol>
      <symbol id="sm-5b6">
         <name>GPIODirModeSet</name>
         <value>0x3479</value>
         <object_component_ref idref="oc-29e"/>
      </symbol>
      <symbol id="sm-5b7">
         <name>GPIOPinWrite</name>
         <value>0x3555</value>
         <object_component_ref idref="oc-236"/>
      </symbol>
      <symbol id="sm-5b8">
         <name>GPIOPadConfigSet</name>
         <value>0x2985</value>
         <object_component_ref idref="oc-22a"/>
      </symbol>
      <symbol id="sm-5f2">
         <name>IntEnable</name>
         <value>0x31d5</value>
         <object_component_ref idref="oc-2b4"/>
      </symbol>
      <symbol id="sm-5f3">
         <name>IntRegister</name>
         <value>0x33dd</value>
         <object_component_ref idref="oc-2ae"/>
      </symbol>
      <symbol id="sm-5f4">
         <name>g_pfnRAMVectors</name>
         <value>0x20000000</value>
         <object_component_ref idref="oc-2fb"/>
      </symbol>
      <symbol id="sm-5f5">
         <name>IntMasterEnable</name>
         <value>0x34ed</value>
         <object_component_ref idref="oc-24e"/>
      </symbol>
      <symbol id="sm-620">
         <name>SysCtlClockSet</name>
         <value>0x2e49</value>
         <object_component_ref idref="oc-218"/>
      </symbol>
      <symbol id="sm-621">
         <name>SysCtlDelay</name>
         <value>0x355b</value>
         <object_component_ref idref="oc-29a"/>
      </symbol>
      <symbol id="sm-622">
         <name>SysCtlPeripheralEnable</name>
         <value>0x3411</value>
         <object_component_ref idref="oc-21e"/>
      </symbol>
      <symbol id="sm-62d">
         <name>CPUcpsie</name>
         <value>0x3519</value>
         <object_component_ref idref="oc-2bd"/>
      </symbol>
      <symbol id="sm-649">
         <name>memcpy</name>
         <value>0x30bf</value>
         <object_component_ref idref="oc-4c"/>
      </symbol>
      <symbol id="sm-64a">
         <name>__aeabi_memcpy</name>
         <value>0x30bf</value>
         <object_component_ref idref="oc-4c"/>
      </symbol>
      <symbol id="sm-64b">
         <name>__aeabi_memcpy8</name>
         <value>0x30bf</value>
         <object_component_ref idref="oc-4c"/>
      </symbol>
      <symbol id="sm-64c">
         <name>__aeabi_memcpy4</name>
         <value>0x30bf</value>
         <object_component_ref idref="oc-4c"/>
      </symbol>
      <symbol id="sm-65b">
         <name>__aeabi_memset</name>
         <value>0x315d</value>
         <object_component_ref idref="oc-e1"/>
      </symbol>
      <symbol id="sm-65c">
         <name>memset</name>
         <value>0x3163</value>
         <object_component_ref idref="oc-e1"/>
      </symbol>
      <symbol id="sm-65d">
         <name>__aeabi_memset8</name>
         <value>0x315d</value>
         <object_component_ref idref="oc-e1"/>
      </symbol>
      <symbol id="sm-65e">
         <name>__aeabi_memset4</name>
         <value>0x315d</value>
         <object_component_ref idref="oc-e1"/>
      </symbol>
      <symbol id="sm-65f">
         <name>__aeabi_memclr8</name>
         <value>0x315b</value>
         <object_component_ref idref="oc-e1"/>
      </symbol>
      <symbol id="sm-660">
         <name>__aeabi_memclr4</name>
         <value>0x315b</value>
         <object_component_ref idref="oc-e1"/>
      </symbol>
      <symbol id="sm-661">
         <name>__aeabi_memclr</name>
         <value>0x315b</value>
         <object_component_ref idref="oc-e1"/>
      </symbol>
      <symbol id="sm-679">
         <name>__TI_zero_init</name>
         <value>0x3531</value>
         <object_component_ref idref="oc-5e"/>
      </symbol>
      <symbol id="sm-690">
         <name>__TI_decompress_none</name>
         <value>0x350b</value>
         <object_component_ref idref="oc-1b"/>
      </symbol>
      <symbol id="sm-6b3">
         <name>__TI_decompress_lzss</name>
         <value>0x323d</value>
         <object_component_ref idref="oc-15"/>
      </symbol>
      <symbol id="sm-6c6">
         <name>__stack</name>
         <value>0x20006468</value>
         <object_component_ref idref="oc-24"/>
      </symbol>
      <symbol id="sm-6c7">
         <name>_c_int00_noargs</name>
         <value>0x3445</value>
         <object_component_ref idref="oc-6a"/>
      </symbol>
      <symbol id="sm-6f8">
         <name>__TI_auto_init_nobinit_nopinit</name>
         <value>0x3399</value>
         <object_component_ref idref="oc-18e"/>
      </symbol>
      <symbol id="sm-702">
         <name>_system_pre_init</name>
         <value>0x3561</value>
         <object_component_ref idref="oc-e7"/>
      </symbol>
      <symbol id="sm-70e">
         <name>C$$EXIT</name>
         <value>0x3565</value>
         <object_component_ref idref="oc-182"/>
      </symbol>
      <symbol id="sm-70f">
         <name>abort</name>
         <value>0x3565</value>
         <object_component_ref idref="oc-182"/>
      </symbol>
      <symbol id="sm-71d">
         <name>__TI_static_base__</name>
         <value>0x0</value>
      </symbol>
      <symbol id="sm-720">
         <name>__mpu_init</name>
         <value>0x0</value>
      </symbol>
      <symbol id="sm-721">
         <name>_system_post_cinit</name>
         <value>0x0</value>
      </symbol>
   </symbol_table>
   <title>Link successful</title>
</link_info>
