******************************************************************************
                  TI ARM Linker PC v20.2.7                     
******************************************************************************
>> Linked Sun May 12 22:46:46 2024

OUTPUT FILE NAME:   <freeRTOS.out>
ENTRY POINT SYMBOL: "_c_int00_noargs"  address: 00003445


MEMORY CONFIGURATION

         name            origin    length      used     unused   attr    fill
----------------------  --------  ---------  --------  --------  ----  --------
  FLASH                 00000000   00040000  00003764  0003c89c  R  X
  SRAM                  20000000   00008000  000066af  00001951  RW X


SEGMENT ALLOCATION MAP

run origin  load origin   length   init length attrs members
----------  ----------- ---------- ----------- ----- -------
00000000    00000000    00003768   00003768    r-x
  00000000    00000000    0000026c   0000026c    r-- .intvecs
  0000026c    0000026c    000032fc   000032fc    r-x .text
  00003568    00003568    000001ac   000001ac    r-- .const
  00003718    00003718    00000050   00000050    r-- .cinit
20000000    20000000    000066af   00000000    rw-
  20000000    20000000    0000026c   00000000    rw- .vtable
  2000026c    2000026c    000061fc   00000000    rw- .bss
  20006468    20006468    00000200   00000000    rw- .stack
  20006668    20006668    00000047   00000000    rw- .data


SECTION ALLOCATION MAP

 output                                  attributes/
section   page    origin      length       input sections
--------  ----  ----------  ----------   ----------------
.intvecs   0    00000000    0000026c     
                  00000000    0000026c     tm4c123gh6pm_startup_ccs.obj (.intvecs)

.text      0    0000026c    000032fc     
                  0000026c    00000ef4     tasks.obj (.text)
                  00001160    00000b18     queue.obj (.text)
                  00001c78    000004dc     timers.obj (.text)
                  00002154    00000470     vTask.obj (.text)
                  000025c4    00000208     main.obj (.text)
                  000027cc    000001b8     heap_2.obj (.text)
                  00002984    0000016c     driverlib.lib : gpio.obj (.text:GPIOPadConfigSet)
                  00002af0    0000012a     list.obj (.text)
                  00002c1a    00000002     --HOLE-- [fill = 0]
                  00002c1c    00000120     ISR.obj (.text)
                  00002d3c    0000010c     port.obj (.text)
                  00002e48    000000f4     driverlib.lib : sysctl.obj (.text:SysCtlClockSet)
                  00002f3c    000000dc     window.obj (.text)
                  00003018    000000a6     portasm.obj (.text)
                  000030be    0000009c     rtsv7M4_T_le_v4SPD16_eabi.lib : memcpy_t2.asm.obj (.text)
                  0000315a    0000007a                                   : memset_t2.asm.obj (.text)
                  000031d4    00000068     driverlib.lib : interrupt.obj (.text:IntEnable)
                  0000323c    00000068     rtsv7M4_T_le_v4SPD16_eabi.lib : copy_decompress_lzss.c.obj (.text:decompress:lzss:__TI_decompress_lzss)
                  000032a4    00000058     driverlib.lib : gpio.obj (.text:GPIOIntTypeSet)
                  000032fc    00000058     Motor.obj (.text)
                  00003354    00000044     driverlib.lib : gpio.obj (.text:_GPIOIntNumberGet)
                  00003398    00000044     rtsv7M4_T_le_v4SPD16_eabi.lib : autoinit.c.obj (.text:__TI_auto_init_nobinit_nopinit:__TI_auto_init_nobinit_nopinit)
                  000033dc    00000034     driverlib.lib : interrupt.obj (.text:IntRegister)
                  00003410    00000034                   : sysctl.obj (.text:SysCtlPeripheralEnable)
                  00003444    00000034     rtsv7M4_T_le_v4SPD16_eabi.lib : boot_cortex_m.c.obj (.text:_c_int00_noargs:_c_int00_noargs)
                  00003478    0000002c     driverlib.lib : gpio.obj (.text:GPIODirModeSet)
                  000034a4    0000001a                   : gpio.obj (.text:GPIOPinTypeGPIOOutput)
                  000034be    00000018                   : gpio.obj (.text:GPIOIntRegister)
                  000034d6    00000016                   : gpio.obj (.text:GPIOPinTypeGPIOInput)
                  000034ec    00000010                   : interrupt.obj (.text:IntMasterEnable)
                  000034fc    0000000e                   : gpio.obj (.text:GPIOIntStatus)
                  0000350a    0000000e     rtsv7M4_T_le_v4SPD16_eabi.lib : copy_decompress_none.c.obj (.text:decompress:none:__TI_decompress_none)
                  00003518    0000000c     driverlib.lib : cpu.obj (.text:CPUcpsie)
                  00003524    0000000c                   : gpio.obj (.text:GPIOIntEnable)
                  00003530    0000000c     rtsv7M4_T_le_v4SPD16_eabi.lib : copy_zero_init.c.obj (.text:decompress:ZI:__TI_zero_init)
                  0000353c    0000000c     tm4c123gh6pm_startup_ccs.obj (.text)
                  00003548    00000006     driverlib.lib : gpio.obj (.text:GPIOIntClear)
                  0000354e    00000006                   : gpio.obj (.text:GPIOPinRead)
                  00003554    00000006                   : gpio.obj (.text:GPIOPinWrite)
                  0000355a    00000006                   : sysctl.obj (.text:SysCtlDelay)
                  00003560    00000004     rtsv7M4_T_le_v4SPD16_eabi.lib : pre_init.c.obj (.text:_system_pre_init)
                  00003564    00000004                                   : exit.c.obj (.text:abort:abort)

.const     0    00003568    000001ac     
                  00003568    000000d8     driverlib.lib : gpio.obj (.const:g_ppui32GPIOIntMapSnowflake)
                  00003640    000000c0                   : gpio.obj (.const:g_ppui32GPIOIntMapBlizzard)
                  00003700    00000014                   : interrupt.obj (.const:g_pui32EnRegs)

.cinit     0    00003718    00000050     
                  00003718    00000015     (.cinit..data.load) [load image, compression = lzss]
                  0000372d    00000003     --HOLE-- [fill = 0]
                  00003730    0000000c     (__TI_handler_table)
                  0000373c    00000004     --HOLE-- [fill = 0]
                  00003740    00000008     (.cinit..bss.load) [load image, compression = zero_init]
                  00003748    00000008     (.cinit..vtable.load) [load image, compression = zero_init]
                  00003750    00000018     (__TI_cinit_table)

.init_array 
*          0    00000000    00000000     UNINITIALIZED

.vtable    0    20000000    0000026c     UNINITIALIZED
                  20000000    0000026c     driverlib.lib : interrupt.obj (.vtable)

.bss       0    2000026c    000061fc     UNINITIALIZED
                  2000026c    00006000     heap_2.obj (.bss:ucHeap)
                  2000626c    0000012c     tasks.obj (.bss:pxReadyTasksLists)
                  20006398    00000014     timers.obj (.bss:xActiveTimerList1)
                  200063ac    00000014     timers.obj (.bss:xActiveTimerList2)
                  200063c0    00000014     tasks.obj (.bss:xDelayedTaskList1)
                  200063d4    00000014     tasks.obj (.bss:xDelayedTaskList2)
                  200063e8    00000014     tasks.obj (.bss:xPendingReadyList)
                  200063fc    00000014     tasks.obj (.bss:xSuspendedTaskList)
                  20006410    00000014     tasks.obj (.bss:xTasksWaitingTermination)
                  20006424    00000008     tasks.obj (.bss)
                  2000642c    00000008     timers.obj (.bss)
                  20006434    00000008     heap_2.obj (.bss:xEnd)
                  2000643c    00000008     heap_2.obj (.bss:xStart)
                  20006444    00000004     (.common:Driver_up_Handle)
                  20006448    00000004     (.common:Jam_Handle)
                  2000644c    00000004     (.common:Passenger_down_Handle)
                  20006450    00000004     (.common:Passenger_up_Handle)
                  20006454    00000004     (.common:x_Driver_DOWN_Semaphore)
                  20006458    00000004     (.common:x_Driver_UP_Semaphore)
                  2000645c    00000004     (.common:x_Jam_Semaphore)
                  20006460    00000004     (.common:x_Passenger_DOWN_Semaphore)
                  20006464    00000004     (.common:x_Passenger_UP_Semaphore)

.data      0    20006668    00000047     UNINITIALIZED
                  20006668    00000030     tasks.obj (.data)
                  20006698    00000008     heap_2.obj (.data)
                  200066a0    00000008     timers.obj (.data)
                  200066a8    00000004     port.obj (.data)
                  200066ac    00000003     main.obj (.data)

.stack     0    20006468    00000200     UNINITIALIZED
                  20006468    00000004     rtsv7M4_T_le_v4SPD16_eabi.lib : boot_cortex_m.c.obj (.stack)
                  2000646c    000001fc     --HOLE--

__llvm_prf_cnts 
*          0    20000000    00000000     UNINITIALIZED

MODULE SUMMARY

       Module                         code    ro data   rw data
       ------                         ----    -------   -------
    .\
       tasks.obj                      3828    0         456    
       queue.obj                      2840    0         0      
       timers.obj                     1244    0         56     
       vTask.obj                      1136    0         0      
       tm4c123gh6pm_startup_ccs.obj   12      620       0      
       main.obj                       520     0         39     
       list.obj                       298     0         0      
       ISR.obj                        288     0         0      
       window.obj                     220     0         0      
       Motor.obj                      88      0         0      
    +--+------------------------------+-------+---------+---------+
       Total:                         10474   620       551    
                                                               
    .\portable\CCS\ARM_CM4F\
       port.obj                       268     0         4      
       portasm.obj                    166     0         0      
    +--+------------------------------+-------+---------+---------+
       Total:                         434     0         4      
                                                               
    .\portable\MemMang\
       heap_2.obj                     440     0         24600  
    +--+------------------------------+-------+---------+---------+
       Total:                         440     0         24600  
                                                               
    C:/ti/TivaWare_C_Series-2.1.1.71/driverlib/ccs/Debug/driverlib.lib
       gpio.obj                       680     408       0      
       interrupt.obj                  172     20        620    
       sysctl.obj                     302     0         0      
       cpu.obj                        12      0         0      
    +--+------------------------------+-------+---------+---------+
       Total:                         1166    428       620    
                                                               
    C:\ti\ccs1260\ccs\tools\compiler\ti-cgt-arm_20.2.7.LTS\lib\rtsv7M4_T_le_v4SPD16_eabi.lib
       memcpy_t2.asm.obj              156     0         0      
       memset_t2.asm.obj              122     0         0      
       copy_decompress_lzss.c.obj     104     0         0      
       autoinit.c.obj                 68      0         0      
       boot_cortex_m.c.obj            52      0         0      
       copy_decompress_none.c.obj     14      0         0      
       copy_zero_init.c.obj           12      0         0      
       exit.c.obj                     4       0         0      
       pre_init.c.obj                 4       0         0      
    +--+------------------------------+-------+---------+---------+
       Total:                         536     0         0      
                                                               
       Stack:                         0       0         512    
       Linker Generated:              0       73        0      
    +--+------------------------------+-------+---------+---------+
       Grand Total:                   13050   1121      26287  


LINKER GENERATED COPY TABLES

__TI_cinit_table @ 00003750 records: 3, size/record: 8, table size: 24
	.data: load addr=00003718, load size=00000015 bytes, run addr=20006668, run size=00000047 bytes, compression=lzss
	.bss: load addr=00003740, load size=00000008 bytes, run addr=2000026c, run size=000061fc bytes, compression=zero_init
	.vtable: load addr=00003748, load size=00000008 bytes, run addr=20000000, run size=0000026c bytes, compression=zero_init


LINKER GENERATED HANDLER TABLE

__TI_handler_table @ 00003730 records: 3, size/record: 4, table size: 12
	index: 0, handler: __TI_zero_init
	index: 1, handler: __TI_decompress_lzss
	index: 2, handler: __TI_decompress_none


GLOBAL SYMBOLS: SORTED ALPHABETICALLY BY Name 

address   name                           
-------   ----                           
00003565  C$$EXIT                        
00003519  CPUcpsie                       
20006444  Driver_up_Handle               
00002c1d  GPIOA_Handler                  
00002c9d  GPIOB_Handler                  
00003479  GPIODirModeSet                 
00003549  GPIOIntClear                   
00003525  GPIOIntEnable                  
000034bf  GPIOIntRegister                
000034fd  GPIOIntStatus                  
000032a5  GPIOIntTypeSet                 
00002985  GPIOPadConfigSet               
0000354f  GPIOPinRead                    
000034d7  GPIOPinTypeGPIOInput           
000034a5  GPIOPinTypeGPIOOutput          
00003555  GPIOPinWrite                   
000031d5  IntEnable                      
000034ed  IntMasterEnable                
000033dd  IntRegister                    
20006448  Jam_Handle                     
00003339  Motor_down                     
0000330d  Motor_enable                   
000032fd  Motor_stop                     
0000331d  Motor_up                       
2000644c  Passenger_down_Handle          
20006450  Passenger_up_Handle            
0000353d  ResetISR                       
00002e49  SysCtlClockSet                 
0000355b  SysCtlDelay                    
00003411  SysCtlPeripheralEnable         
00002f3d  Window_contorl_init            
20006668  __STACK_END                    
00000200  __STACK_SIZE                   
20006668  __STACK_TOP                    
00003750  __TI_CINIT_Base                
00003768  __TI_CINIT_Limit               
00003730  __TI_Handler_Table_Base        
0000373c  __TI_Handler_Table_Limit       
00003399  __TI_auto_init_nobinit_nopinit 
0000323d  __TI_decompress_lzss           
0000350b  __TI_decompress_none           
ffffffff  __TI_pprof_out_hndl            
ffffffff  __TI_prof_data_size            
ffffffff  __TI_prof_data_start           
00000000  __TI_static_base__             
00003531  __TI_zero_init                 
0000315b  __aeabi_memclr                 
0000315b  __aeabi_memclr4                
0000315b  __aeabi_memclr8                
000030bf  __aeabi_memcpy                 
000030bf  __aeabi_memcpy4                
000030bf  __aeabi_memcpy8                
0000315d  __aeabi_memset                 
0000315d  __aeabi_memset4                
0000315d  __aeabi_memset8                
ffffffff  __binit__                      
ffffffff  __c_args__                     
UNDEFED   __mpu_init                     
20006468  __stack                        
20000000  __start___llvm_prf_cnts        
20000000  __stop___llvm_prf_cnts         
00003445  _c_int00_noargs                
UNDEFED   _system_post_cinit             
00003561  _system_pre_init               
00003565  abort                          
ffffffff  binit                          
000004dd  eTaskGetState                  
20000000  g_pfnRAMVectors                
00000000  g_pfnVectors                   
200066ae  jam                            
000025c5  main                           
000030bf  memcpy                         
00003163  memset                         
200066ad  move_down                      
200066ac  move_up                        
000027cd  pvPortMalloc                   
0000212d  pvTimerGetTimerID              
20006668  pxCurrentTCB                   
00002d3d  pxPortInitialiseStack          
00002bd3  uxListRemove                   
00001873  uxQueueMessagesWaiting         
000018bd  uxQueueMessagesWaitingFromISR  
00001893  uxQueueSpacesAvailable         
00000a05  uxTaskGetNumberOfTasks         
00000561  uxTaskPriorityGet              
00002af1  vListInitialise                
00002b21  vListInitialiseItem            
00002b6d  vListInsert                    
00002b31  vListInsertEnd                 
00003075  vPortClearInterruptMask        
000030ad  vPortEnableVFP                 
00002dc9  vPortEndScheduler              
00002ddf  vPortEnterCritical             
00002def  vPortExitCritical              
000028c5  vPortFree                      
00002929  vPortInitialiseBlocks          
0000307f  vPortSVCHandler                
0000306b  vPortSetInterruptMask          
00003099  vPortStartFirstTask            
00002dd5  vPortYield                     
00002dcb  vPortYieldFromISR              
000018d5  vQueueDelete                   
00001b09  vQueueWaitForMessageRestricted 
000004a3  vTaskDelay                     
00000403  vTaskDelayUntil                
000003a3  vTaskDelete                    
000008d9  vTaskEndScheduler              
00000ddb  vTaskMissedYield               
00000c0d  vTaskPlaceOnEventList          
00000c5b  vTaskPlaceOnEventListRestricted
000010bf  vTaskPriorityDisinherit        
0000102f  vTaskPriorityInherit           
000005a5  vTaskPrioritySet               
0000076d  vTaskResume                    
00000d2d  vTaskSetTimeOutState           
00000879  vTaskStartScheduler            
000006ad  vTaskSuspend                   
000008eb  vTaskSuspendAll                
00000b75  vTaskSwitchContext             
000022a1  v_Driver_Down_Task             
000021af  v_Driver_UP_Task               
00002155  v_Jam_Task                     
000024b1  v_Passenger_Down_Task          
00002379  v_Passenger_UP_Task            
00002923  xPortGetFreeHeapSize           
0000301d  xPortPendSVHandler             
00002d93  xPortStartScheduler            
00002e05  xPortSysTickHandler            
00001b67  xQueueAddToSet                 
00001385  xQueueCreateCountingSemaphore  
0000126f  xQueueCreateMutex              
00001b53  xQueueCreateSet                
000011fb  xQueueGenericCreate            
00001605  xQueueGenericReceive           
00001161  xQueueGenericReset             
000013d3  xQueueGenericSend              
00001523  xQueueGenericSendFromISR       
000012eb  xQueueGiveMutexRecursive       
00001a99  xQueueIsQueueEmptyFromISR      
00001ae1  xQueueIsQueueFullFromISR       
00001809  xQueuePeekFromISR              
0000176b  xQueueReceiveFromISR           
00001b9b  xQueueRemoveFromSet            
00001bdd  xQueueSelectFromSet            
00001bf7  xQueueSelectFromSetFromISR     
00001331  xQueueTakeMutexRecursive       
00000d4d  xTaskCheckForTimeOut           
0000026d  xTaskGenericCreate             
00000ff9  xTaskGetCurrentTaskHandle      
00001009  xTaskGetSchedulerState         
000009d9  xTaskGetTickCount              
000009ed  xTaskGetTickCountFromISR       
00000a19  xTaskIncrementTick             
00000717  xTaskIsTaskSuspended           
00000ca9  xTaskRemoveFromEventList       
000008fd  xTaskResumeAll                 
000007e7  xTaskResumeFromISR             
00001cbd  xTimerCreate                   
00001c79  xTimerCreateTimerTask          
00001d21  xTimerGenericCommand           
00002101  xTimerIsTimerActive            
20006454  x_Driver_DOWN_Semaphore        
20006458  x_Driver_UP_Semaphore          
2000645c  x_Jam_Semaphore                
20006460  x_Passenger_DOWN_Semaphore     
20006464  x_Passenger_UP_Semaphore       


GLOBAL SYMBOLS: SORTED BY Symbol Address 

address   name                           
-------   ----                           
00000000  __TI_static_base__             
00000000  g_pfnVectors                   
00000200  __STACK_SIZE                   
0000026d  xTaskGenericCreate             
000003a3  vTaskDelete                    
00000403  vTaskDelayUntil                
000004a3  vTaskDelay                     
000004dd  eTaskGetState                  
00000561  uxTaskPriorityGet              
000005a5  vTaskPrioritySet               
000006ad  vTaskSuspend                   
00000717  xTaskIsTaskSuspended           
0000076d  vTaskResume                    
000007e7  xTaskResumeFromISR             
00000879  vTaskStartScheduler            
000008d9  vTaskEndScheduler              
000008eb  vTaskSuspendAll                
000008fd  xTaskResumeAll                 
000009d9  xTaskGetTickCount              
000009ed  xTaskGetTickCountFromISR       
00000a05  uxTaskGetNumberOfTasks         
00000a19  xTaskIncrementTick             
00000b75  vTaskSwitchContext             
00000c0d  vTaskPlaceOnEventList          
00000c5b  vTaskPlaceOnEventListRestricted
00000ca9  xTaskRemoveFromEventList       
00000d2d  vTaskSetTimeOutState           
00000d4d  xTaskCheckForTimeOut           
00000ddb  vTaskMissedYield               
00000ff9  xTaskGetCurrentTaskHandle      
00001009  xTaskGetSchedulerState         
0000102f  vTaskPriorityInherit           
000010bf  vTaskPriorityDisinherit        
00001161  xQueueGenericReset             
000011fb  xQueueGenericCreate            
0000126f  xQueueCreateMutex              
000012eb  xQueueGiveMutexRecursive       
00001331  xQueueTakeMutexRecursive       
00001385  xQueueCreateCountingSemaphore  
000013d3  xQueueGenericSend              
00001523  xQueueGenericSendFromISR       
00001605  xQueueGenericReceive           
0000176b  xQueueReceiveFromISR           
00001809  xQueuePeekFromISR              
00001873  uxQueueMessagesWaiting         
00001893  uxQueueSpacesAvailable         
000018bd  uxQueueMessagesWaitingFromISR  
000018d5  vQueueDelete                   
00001a99  xQueueIsQueueEmptyFromISR      
00001ae1  xQueueIsQueueFullFromISR       
00001b09  vQueueWaitForMessageRestricted 
00001b53  xQueueCreateSet                
00001b67  xQueueAddToSet                 
00001b9b  xQueueRemoveFromSet            
00001bdd  xQueueSelectFromSet            
00001bf7  xQueueSelectFromSetFromISR     
00001c79  xTimerCreateTimerTask          
00001cbd  xTimerCreate                   
00001d21  xTimerGenericCommand           
00002101  xTimerIsTimerActive            
0000212d  pvTimerGetTimerID              
00002155  v_Jam_Task                     
000021af  v_Driver_UP_Task               
000022a1  v_Driver_Down_Task             
00002379  v_Passenger_UP_Task            
000024b1  v_Passenger_Down_Task          
000025c5  main                           
000027cd  pvPortMalloc                   
000028c5  vPortFree                      
00002923  xPortGetFreeHeapSize           
00002929  vPortInitialiseBlocks          
00002985  GPIOPadConfigSet               
00002af1  vListInitialise                
00002b21  vListInitialiseItem            
00002b31  vListInsertEnd                 
00002b6d  vListInsert                    
00002bd3  uxListRemove                   
00002c1d  GPIOA_Handler                  
00002c9d  GPIOB_Handler                  
00002d3d  pxPortInitialiseStack          
00002d93  xPortStartScheduler            
00002dc9  vPortEndScheduler              
00002dcb  vPortYieldFromISR              
00002dd5  vPortYield                     
00002ddf  vPortEnterCritical             
00002def  vPortExitCritical              
00002e05  xPortSysTickHandler            
00002e49  SysCtlClockSet                 
00002f3d  Window_contorl_init            
0000301d  xPortPendSVHandler             
0000306b  vPortSetInterruptMask          
00003075  vPortClearInterruptMask        
0000307f  vPortSVCHandler                
00003099  vPortStartFirstTask            
000030ad  vPortEnableVFP                 
000030bf  __aeabi_memcpy                 
000030bf  __aeabi_memcpy4                
000030bf  __aeabi_memcpy8                
000030bf  memcpy                         
0000315b  __aeabi_memclr                 
0000315b  __aeabi_memclr4                
0000315b  __aeabi_memclr8                
0000315d  __aeabi_memset                 
0000315d  __aeabi_memset4                
0000315d  __aeabi_memset8                
00003163  memset                         
000031d5  IntEnable                      
0000323d  __TI_decompress_lzss           
000032a5  GPIOIntTypeSet                 
000032fd  Motor_stop                     
0000330d  Motor_enable                   
0000331d  Motor_up                       
00003339  Motor_down                     
00003399  __TI_auto_init_nobinit_nopinit 
000033dd  IntRegister                    
00003411  SysCtlPeripheralEnable         
00003445  _c_int00_noargs                
00003479  GPIODirModeSet                 
000034a5  GPIOPinTypeGPIOOutput          
000034bf  GPIOIntRegister                
000034d7  GPIOPinTypeGPIOInput           
000034ed  IntMasterEnable                
000034fd  GPIOIntStatus                  
0000350b  __TI_decompress_none           
00003519  CPUcpsie                       
00003525  GPIOIntEnable                  
00003531  __TI_zero_init                 
0000353d  ResetISR                       
00003549  GPIOIntClear                   
0000354f  GPIOPinRead                    
00003555  GPIOPinWrite                   
0000355b  SysCtlDelay                    
00003561  _system_pre_init               
00003565  C$$EXIT                        
00003565  abort                          
00003730  __TI_Handler_Table_Base        
0000373c  __TI_Handler_Table_Limit       
00003750  __TI_CINIT_Base                
00003768  __TI_CINIT_Limit               
20000000  __start___llvm_prf_cnts        
20000000  __stop___llvm_prf_cnts         
20000000  g_pfnRAMVectors                
20006444  Driver_up_Handle               
20006448  Jam_Handle                     
2000644c  Passenger_down_Handle          
20006450  Passenger_up_Handle            
20006454  x_Driver_DOWN_Semaphore        
20006458  x_Driver_UP_Semaphore          
2000645c  x_Jam_Semaphore                
20006460  x_Passenger_DOWN_Semaphore     
20006464  x_Passenger_UP_Semaphore       
20006468  __stack                        
20006668  __STACK_END                    
20006668  __STACK_TOP                    
20006668  pxCurrentTCB                   
200066ac  move_up                        
200066ad  move_down                      
200066ae  jam                            
ffffffff  __TI_pprof_out_hndl            
ffffffff  __TI_prof_data_size            
ffffffff  __TI_prof_data_start           
ffffffff  __binit__                      
ffffffff  __c_args__                     
ffffffff  binit                          
UNDEFED   __mpu_init                     
UNDEFED   _system_post_cinit             

[166 symbols]
